../Core/Src/main.c:93:5:main	2592	static
../Core/Src/main.c:197:6:SystemClock_Config	128	static
../Core/Src/main.c:245:13:MX_UART4_Init	8	static
../Core/Src/main.c:280:13:MX_USB_PCD_Init	8	static
../Core/Src/main.c:309:13:MX_DMA_Init	16	static
../Core/Src/main.c:330:13:MX_GPIO_Init	56	static
../Core/Src/main.c:422:6:HAL_UART_RxCpltCallback	16	static
../Core/Src/main.c:438:6:HAL_UART_TxCpltCallback	16	static
../Core/Src/main.c:454:6:HAL_GPIO_EXTI_Callback	16	static
../Core/Src/main.c:471:6:Error_Handler	4	static,ignoring_inline_asm
