Archive member included to satisfy reference by file (symbol)

C:/Users/rocco/Desktop/USART_Communication_STM32F3Discovery_ArduinoUNO/master_slave_python/microcontroller_logic_test/lib\libarmfft.a(arm_fft.o)
                              ./Core/Src/main.o (arm_fft)
C:/Users/rocco/Desktop/USART_Communication_STM32F3Discovery_ArduinoUNO/master_slave_python/microcontroller_logic_test/lib\libarmfft.a(fft_math.o)
                              C:/Users/rocco/Desktop/USART_Communication_STM32F3Discovery_ArduinoUNO/master_slave_python/microcontroller_logic_test/lib\libarmfft.a(arm_fft.o) (somma_c)
C:/ST/STM32CubeIDE_1.19.0/STM32CubeIDE/plugins/com.st.stm32cube.ide.mcu.externaltools.gnu-tools-for-stm32.13.3.rel1.win32_1.0.0.202411081344/tools/bin/../lib/gcc/arm-none-eabi/13.3.1/../../../../arm-none-eabi/lib/thumb/v7e-m+fp/hard\libc_nano.a(libc_a-exit.o)
                              C:/ST/STM32CubeIDE_1.19.0/STM32CubeIDE/plugins/com.st.stm32cube.ide.mcu.externaltools.gnu-tools-for-stm32.13.3.rel1.win32_1.0.0.202411081344/tools/bin/../lib/gcc/arm-none-eabi/13.3.1/../../../../arm-none-eabi/lib/thumb/v7e-m+fp/hard/crt0.o (exit)
C:/ST/STM32CubeIDE_1.19.0/STM32CubeIDE/plugins/com.st.stm32cube.ide.mcu.externaltools.gnu-tools-for-stm32.13.3.rel1.win32_1.0.0.202411081344/tools/bin/../lib/gcc/arm-none-eabi/13.3.1/../../../../arm-none-eabi/lib/thumb/v7e-m+fp/hard\libc_nano.a(libc_a-findfp.o)
                              C:/ST/STM32CubeIDE_1.19.0/STM32CubeIDE/plugins/com.st.stm32cube.ide.mcu.externaltools.gnu-tools-for-stm32.13.3.rel1.win32_1.0.0.202411081344/tools/bin/../lib/gcc/arm-none-eabi/13.3.1/../../../../arm-none-eabi/lib/thumb/v7e-m+fp/hard\libc_nano.a(libc_a-exit.o) (__stdio_exit_handler)
C:/ST/STM32CubeIDE_1.19.0/STM32CubeIDE/plugins/com.st.stm32cube.ide.mcu.externaltools.gnu-tools-for-stm32.13.3.rel1.win32_1.0.0.202411081344/tools/bin/../lib/gcc/arm-none-eabi/13.3.1/../../../../arm-none-eabi/lib/thumb/v7e-m+fp/hard\libc_nano.a(libc_a-fwalk.o)
                              C:/ST/STM32CubeIDE_1.19.0/STM32CubeIDE/plugins/com.st.stm32cube.ide.mcu.externaltools.gnu-tools-for-stm32.13.3.rel1.win32_1.0.0.202411081344/tools/bin/../lib/gcc/arm-none-eabi/13.3.1/../../../../arm-none-eabi/lib/thumb/v7e-m+fp/hard\libc_nano.a(libc_a-findfp.o) (_fwalk_sglue)
C:/ST/STM32CubeIDE_1.19.0/STM32CubeIDE/plugins/com.st.stm32cube.ide.mcu.externaltools.gnu-tools-for-stm32.13.3.rel1.win32_1.0.0.202411081344/tools/bin/../lib/gcc/arm-none-eabi/13.3.1/../../../../arm-none-eabi/lib/thumb/v7e-m+fp/hard\libc_nano.a(libc_a-stdio.o)
                              C:/ST/STM32CubeIDE_1.19.0/STM32CubeIDE/plugins/com.st.stm32cube.ide.mcu.externaltools.gnu-tools-for-stm32.13.3.rel1.win32_1.0.0.202411081344/tools/bin/../lib/gcc/arm-none-eabi/13.3.1/../../../../arm-none-eabi/lib/thumb/v7e-m+fp/hard\libc_nano.a(libc_a-findfp.o) (__sread)
C:/ST/STM32CubeIDE_1.19.0/STM32CubeIDE/plugins/com.st.stm32cube.ide.mcu.externaltools.gnu-tools-for-stm32.13.3.rel1.win32_1.0.0.202411081344/tools/bin/../lib/gcc/arm-none-eabi/13.3.1/../../../../arm-none-eabi/lib/thumb/v7e-m+fp/hard\libc_nano.a(libc_a-memset.o)
                              C:/ST/STM32CubeIDE_1.19.0/STM32CubeIDE/plugins/com.st.stm32cube.ide.mcu.externaltools.gnu-tools-for-stm32.13.3.rel1.win32_1.0.0.202411081344/tools/bin/../lib/gcc/arm-none-eabi/13.3.1/../../../../arm-none-eabi/lib/thumb/v7e-m+fp/hard/crt0.o (memset)
C:/ST/STM32CubeIDE_1.19.0/STM32CubeIDE/plugins/com.st.stm32cube.ide.mcu.externaltools.gnu-tools-for-stm32.13.3.rel1.win32_1.0.0.202411081344/tools/bin/../lib/gcc/arm-none-eabi/13.3.1/../../../../arm-none-eabi/lib/thumb/v7e-m+fp/hard\libc_nano.a(libc_a-closer.o)
                              C:/ST/STM32CubeIDE_1.19.0/STM32CubeIDE/plugins/com.st.stm32cube.ide.mcu.externaltools.gnu-tools-for-stm32.13.3.rel1.win32_1.0.0.202411081344/tools/bin/../lib/gcc/arm-none-eabi/13.3.1/../../../../arm-none-eabi/lib/thumb/v7e-m+fp/hard\libc_nano.a(libc_a-stdio.o) (_close_r)
C:/ST/STM32CubeIDE_1.19.0/STM32CubeIDE/plugins/com.st.stm32cube.ide.mcu.externaltools.gnu-tools-for-stm32.13.3.rel1.win32_1.0.0.202411081344/tools/bin/../lib/gcc/arm-none-eabi/13.3.1/../../../../arm-none-eabi/lib/thumb/v7e-m+fp/hard\libc_nano.a(libc_a-reent.o)
                              C:/ST/STM32CubeIDE_1.19.0/STM32CubeIDE/plugins/com.st.stm32cube.ide.mcu.externaltools.gnu-tools-for-stm32.13.3.rel1.win32_1.0.0.202411081344/tools/bin/../lib/gcc/arm-none-eabi/13.3.1/../../../../arm-none-eabi/lib/thumb/v7e-m+fp/hard\libc_nano.a(libc_a-closer.o) (errno)
C:/ST/STM32CubeIDE_1.19.0/STM32CubeIDE/plugins/com.st.stm32cube.ide.mcu.externaltools.gnu-tools-for-stm32.13.3.rel1.win32_1.0.0.202411081344/tools/bin/../lib/gcc/arm-none-eabi/13.3.1/../../../../arm-none-eabi/lib/thumb/v7e-m+fp/hard\libc_nano.a(libc_a-impure.o)
[...]
Memory Configuration

Name             Origin             Length             Attributes
CCMRAM           0x10000000         0x00002000         xrw
RAM              0x20000000         0x0000a000         xrw
FLASH            0x08000000         0x00040000         xr
*default*        0x00000000         0xffffffff

Linker script and memory map

LOAD C:/ST/STM32CubeIDE_1.19.0/STM32CubeIDE/plugins/com.st.stm32cube.ide.mcu.externaltools.gnu-tools-for-stm32.13.3.rel1.win32_1.0.0.202411081344/tools/bin/../lib/gcc/arm-none-eabi/13.3.1/thumb/v7e-m+fp/hard/crti.o
LOAD C:/ST/STM32CubeIDE_1.19.0/STM32CubeIDE/plugins/com.st.stm32cube.ide.mcu.externaltools.gnu-tools-for-stm32.13.3.rel1.win32_1.0.0.202411081344/tools/bin/../lib/gcc/arm-none-eabi/13.3.1/thumb/v7e-m+fp/hard/crtbegin.o
LOAD C:/ST/STM32CubeIDE_1.19.0/STM32CubeIDE/plugins/com.st.stm32cube.ide.mcu.externaltools.gnu-tools-for-stm32.13.3.rel1.win32_1.0.0.202411081344/tools/bin/../lib/gcc/arm-none-eabi/13.3.1/../../../../arm-none-eabi/lib/thumb/v7e-m+fp/hard/crt0.o
LOAD ./Core/Src/main.o
LOAD ./Core/Src/stm32f3xx_hal_msp.o
LOAD ./Core/Src/stm32f3xx_it.o
LOAD ./Core/Src/syscalls.o
LOAD ./Core/Src/sysmem.o
LOAD ./Core/Src/system_stm32f3xx.o
LOAD ./Core/Startup/startup_stm32f303vctx.o
LOAD ./Drivers/STM32F3xx_HAL_Driver/Src/stm32f3xx_hal.o
LOAD ./Drivers/STM32F3xx_HAL_Driver/Src/stm32f3xx_hal_cortex.o
LOAD ./Drivers/STM32F3xx_HAL_Driver/Src/stm32f3xx_hal_dma.o
LOAD ./Drivers/STM32F3xx_HAL_Driver/Src/stm32f3xx_hal_exti.o
LOAD ./Drivers/STM32F3xx_HAL_Driver/Src/stm32f3xx_hal_flash.o
LOAD ./Drivers/STM32F3xx_HAL_Driver/Src/stm32f3xx_hal_flash_ex.o
LOAD ./Drivers/STM32F3xx_HAL_Driver/Src/stm32f3xx_hal_gpio.o
LOAD ./Drivers/STM32F3xx_HAL_Driver/Src/stm32f3xx_hal_i2c.o
LOAD ./Drivers/STM32F3xx_HAL_Driver/Src/stm32f3xx_hal_i2c_ex.o
LOAD ./Drivers/STM32F3xx_HAL_Driver/Src/stm32f3xx_hal_pcd.o
LOAD ./Drivers/STM32F3xx_HAL_Driver/Src/stm32f3xx_hal_pcd_ex.o
LOAD ./Drivers/STM32F3xx_HAL_Driver/Src/stm32f3xx_hal_pwr.o
LOAD ./Drivers/STM32F3xx_HAL_Driver/Src/stm32f3xx_hal_pwr_ex.o
LOAD ./Drivers/STM32F3xx_HAL_Driver/Src/stm32f3xx_hal_rcc.o
LOAD ./Drivers/STM32F3xx_HAL_Driver/Src/stm32f3xx_hal_rcc_ex.o
LOAD ./Drivers/STM32F3xx_HAL_Driver/Src/stm32f3xx_hal_spi.o
LOAD ./Drivers/STM32F3xx_HAL_Driver/Src/stm32f3xx_hal_spi_ex.o
LOAD ./Drivers/STM32F3xx_HAL_Driver/Src/stm32f3xx_ll_usb.o
LOAD ./Middlewares/ST/STM32_USB_Device_Library/Class/CDC/Src/usbd_cdc.o
LOAD ./Middlewares/ST/STM32_USB_Device_Library/Core/Src/usbd_core.o
LOAD ./Middlewares/ST/STM32_USB_Device_Library/Core/Src/usbd_ctlreq.o
LOAD ./Middlewares/ST/STM32_USB_Device_Library/Core/Src/usbd_ioreq.o
LOAD ./USB_DEVICE/App/usb_device.o
LOAD ./USB_DEVICE/App/usbd_cdc_if.o
LOAD ./USB_DEVICE/App/usbd_desc.o
LOAD ./USB_DEVICE/Target/usbd_conf.o
LOAD C:/Users/rocco/Desktop/USART_Communication_STM32F3Discovery_ArduinoUNO/master_slave_python/microcontroller_logic_test/lib\libarmfft.a
START GROUP
LOAD C:/ST/STM32CubeIDE_1.19.0/STM32CubeIDE/plugins/com.st.stm32cube.ide.mcu.externaltools.gnu-tools-for-stm32.13.3.rel1.win32_1.0.0.202411081344/tools/bin/../lib/gcc/arm-none-eabi/13.3.1/../../../../arm-none-eabi/lib/thumb/v7e-m+fp/hard\libc_nano.a
LOAD C:/ST/STM32CubeIDE_1.19.0/STM32CubeIDE/plugins/com.st.stm32cube.ide.mcu.externaltools.gnu-tools-for-stm32.13.3.rel1.win32_1.0.0.202411081344/tools/bin/../lib/gcc/arm-none-eabi/13.3.1/../../../../arm-none-eabi/lib/thumb/v7e-m+fp/hard\libm.a
END GROUP
START GROUP
LOAD C:/ST/STM32CubeIDE_1.19.0/STM32CubeIDE/plugins/com.st.stm32cube.ide.mcu.externaltools.gnu-tools-for-stm32.13.3.rel1.win32_1.0.0.202411081344/tools/bin/../lib/gcc/arm-none-eabi/13.3.1/thumb/v7e-m+fp/hard\libgcc.a
LOAD C:/ST/STM32CubeIDE_1.19.0/STM32CubeIDE/plugins/com.st.stm32cube.ide.mcu.externaltools.gnu-tools-for-stm32.13.3.rel1.win32_1.0.0.202411081344/tools/bin/../lib/gcc/arm-none-eabi/13.3.1/../../../../arm-none-eabi/lib/thumb/v7e-m+fp/hard\libc_nano.a
END GROUP
START GROUP
LOAD C:/ST/STM32CubeIDE_1.19.0/STM32CubeIDE/plugins/com.st.stm32cube.ide.mcu.externaltools.gnu-tools-for-stm32.13.3.rel1.win32_1.0.0.202411081344/tools/bin/../lib/gcc/arm-none-eabi/13.3.1/thumb/v7e-m+fp/hard\libgcc.a
LOAD C:/ST/STM32CubeIDE_1.19.0/STM32CubeIDE/plugins/com.st.stm32cube.ide.mcu.externaltools.gnu-tools-for-stm32.13.3.rel1.win32_1.0.0.202411081344/tools/bin/../lib/gcc/arm-none-eabi/13.3.1/../../../../arm-none-eabi/lib/thumb/v7e-m+fp/hard\libc_nano.a
LOAD C:/ST/STM32CubeIDE_1.19.0/STM32CubeIDE/plugins/com.st.stm32cube.ide.mcu.externaltools.gnu-tools-for-stm32.13.3.rel1.win32_1.0.0.202411081344/tools/bin/../lib/gcc/arm-none-eabi/13.3.1/../../../../arm-none-eabi/lib/thumb/v7e-m+fp/hard\libnosys.a
END GROUP
START GROUP
LOAD C:/ST/STM32CubeIDE_1.19.0/STM32CubeIDE/plugins/com.st.stm32cube.ide.mcu.externaltools.gnu-tools-for-stm32.13.3.rel1.win32_1.0.0.202411081344/tools/bin/../lib/gcc/arm-none-eabi/13.3.1/thumb/v7e-m+fp/hard\libgcc.a
LOAD C:/ST/STM32CubeIDE_1.19.0/STM32CubeIDE/plugins/com.st.stm32cube.ide.mcu.externaltools.gnu-tools-for-stm32.13.3.rel1.win32_1.0.0.202411081344/tools/bin/../lib/gcc/arm-none-eabi/13.3.1/../../../../arm-none-eabi/lib/thumb/v7e-m+fp/hard\libc_nano.a
LOAD C:/ST/STM32CubeIDE_1.19.0/STM32CubeIDE/plugins/com.st.stm32cube.ide.mcu.externaltools.gnu-tools-for-stm32.13.3.rel1.win32_1.0.0.202411081344/tools/bin/../lib/gcc/arm-none-eabi/13.3.1/../../../../arm-none-eabi/lib/thumb/v7e-m+fp/hard\libnosys.a
END GROUP
LOAD C:/ST/STM32CubeIDE_1.19.0/STM32CubeIDE/plugins/com.st.stm32cube.ide.mcu.externaltools.gnu-tools-for-stm32.13.3.rel1.win32_1.0.0.202411081344/tools/bin/../lib/gcc/arm-none-eabi/13.3.1/thumb/v7e-m+fp/hard/crtend.o
LOAD C:/ST/STM32CubeIDE_1.19.0/STM32CubeIDE/plugins/com.st.stm32cube.ide.mcu.externaltools.gnu-tools-for-stm32.13.3.rel1.win32_1.0.0.202411081344/tools/bin/../lib/gcc/arm-none-eabi/13.3.1/thumb/v7e-m+fp/hard/crtn.o
                0x2000a000                        _estack = (ORIGIN (RAM) + LENGTH (RAM))
                0x00000200                        _Min_Heap_Size = 0x200
                0x00000400                        _Min_Stack_Size = 0x400

.isr_vector     0x08000000      0x188
                0x08000000                        . = ALIGN (0x4)
 *(.isr_vector)
 .isr_vector    0x08000000      0x188 ./Core/Startup/startup_stm32f303vctx.o
                0x08000000                g_pfnVectors
                0x08000188                        . = ALIGN (0x4)

.text           0x08000188     0x9b4c
                0x08000188                        . = ALIGN (0x4)
 *(.text)
 .text          0x08000188       0x40 C:/ST/STM32CubeIDE_1.19.0/STM32CubeIDE/plugins/com.st.stm32cube.ide.mcu.externaltools.gnu-tools-for-stm32.13.3.rel1.win32_1.0.0.202411081344/tools/bin/../lib/gcc/arm-none-eabi/13.3.1/thumb/v7e-m+fp/hard/crtbegin.o
 *(.text*)
 .text.main     0x080001c8      0x20c ./Core/Src/main.o
                0x080001c8                main
 .text.SystemClock_Config
                0x080003d4       0xc4 ./Core/Src/main.o
                0x080003d4                SystemClock_Config
 .text.MX_I2C1_Init
                0x08000498       0x80 ./Core/Src/main.o
 .text.MX_SPI1_Init
                0x08000518       0x7c ./Core/Src/main.o
 .text.MX_GPIO_Init
                0x08000594      0x128 ./Core/Src/main.o
 .text.Error_Handler
                0x080006bc        0xc ./Core/Src/main.o
                0x080006bc                Error_Handler
 .text.HAL_MspInit
                0x080006c8       0x48 ./Core/Src/stm32f3xx_hal_msp.o
                0x080006c8                HAL_MspInit
 .text.HAL_I2C_MspInit
                0x08000710       0x88 ./Core/Src/stm32f3xx_hal_msp.o
                0x08000710                HAL_I2C_MspInit
 .text.HAL_SPI_MspInit
                0x08000798       0x84 ./Core/Src/stm32f3xx_hal_msp.o
                0x08000798                HAL_SPI_MspInit
 .text.NMI_Handler
                0x0800081c        0x8 ./Core/Src/stm32f3xx_it.o
                0x0800081c                NMI_Handler
 .text.HardFault_Handler
                0x08000824        0x8 ./Core/Src/stm32f3xx_it.o
                0x08000824                HardFault_Handler
 .text.MemManage_Handler
                0x0800082c        0x8 ./Core/Src/stm32f3xx_it.o
                0x0800082c                MemManage_Handler
 .text.BusFault_Handler
                0x08000834        0x8 ./Core/Src/stm32f3xx_it.o
                0x08000834                BusFault_Handler
 .text.UsageFault_Handler
                0x0800083c        0x8 ./Core/Src/stm32f3xx_it.o
                0x0800083c                UsageFault_Handler
 .text.SVC_Handler
                0x08000844        0xe ./Core/Src/stm32f3xx_it.o
                0x08000844                SVC_Handler
 .text.DebugMon_Handler
                0x08000852        0xe ./Core/Src/stm32f3xx_it.o
                0x08000852                DebugMon_Handler
 .text.PendSV_Handler
                0x08000860        0xe ./Core/Src/stm32f3xx_it.o
                0x08000860                PendSV_Handler
 .text.SysTick_Handler
                0x0800086e        0xc ./Core/Src/stm32f3xx_it.o
                0x0800086e                SysTick_Handler
 *fill*         0x0800087a        0x2 
 .text.USB_LP_CAN_RX0_IRQHandler
                0x0800087c       0x14 ./Core/Src/stm32f3xx_it.o
                0x0800087c                USB_LP_CAN_RX0_IRQHandler
 .text.SystemInit
                0x08000890       0x24 ./Core/Src/system_stm32f3xx.o
                0x08000890                SystemInit
 .text.Reset_Handler
                0x080008b4       0x50 ./Core/Startup/startup_stm32f303vctx.o
                0x080008b4                Reset_Handler
 .text.Default_Handler
                0x08000904        0x2 ./Core/Startup/startup_stm32f303vctx.o
                0x08000904                RTC_Alarm_IRQHandler
                0x08000904                TIM8_TRG_COM_IRQHandler
                0x08000904                TIM8_CC_IRQHandler
                0x08000904                TIM1_CC_IRQHandler
                0x08000904                USB_HP_IRQHandler
                0x08000904                PVD_IRQHandler
                0x08000904                TAMP_STAMP_IRQHandler
                0x08000904                EXTI3_IRQHandler
                0x08000904                USB_HP_CAN_TX_IRQHandler
                0x08000904                EXTI0_IRQHandler
                0x08000904                I2C2_EV_IRQHandler
                0x08000904                FPU_IRQHandler
                0x08000904                TIM1_UP_TIM16_IRQHandler
                0x08000904                ADC1_2_IRQHandler
                0x08000904                SPI1_IRQHandler
                0x08000904                CAN_SCE_IRQHandler
                0x08000904                TIM6_DAC_IRQHandler
                0x08000904                TIM8_UP_IRQHandler
                0x08000904                DMA2_Channel2_IRQHandler
                0x08000904                DMA1_Channel4_IRQHandler
                0x08000904                USART3_IRQHandler
                0x08000904                DMA1_Channel7_IRQHandler
                0x08000904                UART5_IRQHandler
                0x08000904                ADC3_IRQHandler
                0x08000904                TIM4_IRQHandler
                0x08000904                CAN_RX1_IRQHandler
                0x08000904                DMA2_Channel1_IRQHandler
                0x08000904                I2C1_EV_IRQHandler
                0x08000904                DMA1_Channel6_IRQHandler
                0x08000904                UART4_IRQHandler
                0x08000904                DMA2_Channel4_IRQHandler
                0x08000904                TIM3_IRQHandler
                0x08000904                RCC_IRQHandler
                0x08000904                DMA1_Channel1_IRQHandler
                0x08000904                Default_Handler
                0x08000904                USBWakeUp_RMP_IRQHandler
                0x08000904                EXTI15_10_IRQHandler
                0x08000904                TIM7_IRQHandler
                0x08000904                EXTI9_5_IRQHandler
                0x08000904                RTC_WKUP_IRQHandler
                0x08000904                SPI2_IRQHandler
                0x08000904                DMA2_Channel5_IRQHandler
                0x08000904                DMA1_Channel5_IRQHandler
                0x08000904                USB_LP_IRQHandler
                0x08000904                EXTI4_IRQHandler
                0x08000904                TIM1_TRG_COM_TIM17_IRQHandler
                0x08000904                DMA1_Channel3_IRQHandler
                0x08000904                ADC4_IRQHandler
                0x08000904                WWDG_IRQHandler
                0x08000904                TIM2_IRQHandler
                0x08000904                COMP7_IRQHandler
                0x08000904                COMP1_2_3_IRQHandler
                0x08000904                EXTI1_IRQHandler
                0x08000904                USART2_IRQHandler
                0x08000904                COMP4_5_6_IRQHandler
                0x08000904                I2C2_ER_IRQHandler
                0x08000904                DMA1_Channel2_IRQHandler
                0x08000904                TIM8_BRK_IRQHandler
                0x08000904                FLASH_IRQHandler
                0x08000904                USART1_IRQHandler
                0x08000904                SPI3_IRQHandler
                0x08000904                I2C1_ER_IRQHandler
                0x08000904                USBWakeUp_IRQHandler
                0x08000904                DMA2_Channel3_IRQHandler
                0x08000904                EXTI2_TSC_IRQHandler
                0x08000904                TIM1_BRK_TIM15_IRQHandler
 *fill*         0x08000906        0x2 
 .text.HAL_Init
                0x08000908       0x2c ./Drivers/STM32F3xx_HAL_Driver/Src/stm32f3xx_hal.o
                0x08000908                HAL_Init
 .text.HAL_InitTick
                0x08000934       0x60 ./Drivers/STM32F3xx_HAL_Driver/Src/stm32f3xx_hal.o
                0x08000934                HAL_InitTick
 .text.HAL_IncTick
                0x08000994       0x28 ./Drivers/STM32F3xx_HAL_Driver/Src/stm32f3xx_hal.o
                0x08000994                HAL_IncTick
 .text.HAL_GetTick
                0x080009bc       0x18 ./Drivers/STM32F3xx_HAL_Driver/Src/stm32f3xx_hal.o
                0x080009bc                HAL_GetTick
 .text.HAL_Delay
                0x080009d4       0x48 ./Drivers/STM32F3xx_HAL_Driver/Src/stm32f3xx_hal.o
                0x080009d4                HAL_Delay
 .text.__NVIC_SetPriorityGrouping
                0x08000a1c       0x48 ./Drivers/STM32F3xx_HAL_Driver/Src/stm32f3xx_hal_cortex.o
 .text.__NVIC_GetPriorityGrouping
                0x08000a64       0x1c ./Drivers/STM32F3xx_HAL_Driver/Src/stm32f3xx_hal_cortex.o
 .text.__NVIC_EnableIRQ
                0x08000a80       0x3c ./Drivers/STM32F3xx_HAL_Driver/Src/stm32f3xx_hal_cortex.o
 .text.__NVIC_SetPriority
                0x08000abc       0x54 ./Drivers/STM32F3xx_HAL_Driver/Src/stm32f3xx_hal_cortex.o
 .text.NVIC_EncodePriority
                0x08000b10       0x66 ./Drivers/STM32F3xx_HAL_Driver/Src/stm32f3xx_hal_cortex.o
 *fill*         0x08000b76        0x2 
 .text.SysTick_Config
                0x08000b78       0x44 ./Drivers/STM32F3xx_HAL_Driver/Src/stm32f3xx_hal_cortex.o
 .text.HAL_NVIC_SetPriorityGrouping
                0x08000bbc       0x16 ./Drivers/STM32F3xx_HAL_Driver/Src/stm32f3xx_hal_cortex.o
                0x08000bbc                HAL_NVIC_SetPriorityGrouping
 .text.HAL_NVIC_SetPriority
                0x08000bd2       0x38 ./Drivers/STM32F3xx_HAL_Driver/Src/stm32f3xx_hal_cortex.o
                0x08000bd2                HAL_NVIC_SetPriority
 .text.HAL_NVIC_EnableIRQ
                0x08000c0a       0x1c ./Drivers/STM32F3xx_HAL_Driver/Src/stm32f3xx_hal_cortex.o
                0x08000c0a                HAL_NVIC_EnableIRQ
 .text.HAL_SYSTICK_Config
                0x08000c26       0x18 ./Drivers/STM32F3xx_HAL_Driver/Src/stm32f3xx_hal_cortex.o
                0x08000c26                HAL_SYSTICK_Config
 *fill*         0x08000c3e        0x2 
 .text.HAL_GPIO_Init
                0x08000c40      0x2f4 ./Drivers/STM32F3xx_HAL_Driver/Src/stm32f3xx_hal_gpio.o
                0x08000c40                HAL_GPIO_Init
 .text.HAL_GPIO_WritePin
                0x08000f34       0x30 ./Drivers/STM32F3xx_HAL_Driver/Src/stm32f3xx_hal_gpio.o
                0x08000f34                HAL_GPIO_WritePin
 .text.HAL_I2C_Init
                0x08000f64      0x136 ./Drivers/STM32F3xx_HAL_Driver/Src/stm32f3xx_hal_i2c.o
                0x08000f64                HAL_I2C_Init
 .text.HAL_I2CEx_ConfigAnalogFilter
                0x0800109a       0x96 ./Drivers/STM32F3xx_HAL_Driver/Src/stm32f3xx_hal_i2c_ex.o
                0x0800109a                HAL_I2CEx_ConfigAnalogFilter
 .text.HAL_I2CEx_ConfigDigitalFilter
                0x08001130       0x98 ./Drivers/STM32F3xx_HAL_Driver/Src/stm32f3xx_hal_i2c_ex.o
                0x08001130                HAL_I2CEx_ConfigDigitalFilter
 .text.HAL_PCD_Init
                0x080011c8      0x18e ./Drivers/STM32F3xx_HAL_Driver/Src/stm32f3xx_hal_pcd.o
                0x080011c8                HAL_PCD_Init
 .text.HAL_PCD_Start
                0x08001356       0x4c ./Drivers/STM32F3xx_HAL_Driver/Src/stm32f3xx_hal_pcd.o
                0x08001356                HAL_PCD_Start
 .text.HAL_PCD_IRQHandler
                0x080013a2      0x1a8 ./Drivers/STM32F3xx_HAL_Driver/Src/stm32f3xx_hal_pcd.o
                0x080013a2                HAL_PCD_IRQHandler
 .text.HAL_PCD_SetAddress
                0x0800154a       0x48 ./Drivers/STM32F3xx_HAL_Driver/Src/stm32f3xx_hal_pcd.o
                0x0800154a                HAL_PCD_SetAddress
 .text.HAL_PCD_EP_Open
                0x08001592       0xba ./Drivers/STM32F3xx_HAL_Driver/Src/stm32f3xx_hal_pcd.o
                0x08001592                HAL_PCD_EP_Open
 .text.HAL_PCD_EP_Close
                0x0800164c       0x90 ./Drivers/STM32F3xx_HAL_Driver/Src/stm32f3xx_hal_pcd.o
                0x0800164c                HAL_PCD_EP_Close
 .text.HAL_PCD_EP_Receive
                0x080016dc       0x62 ./Drivers/STM32F3xx_HAL_Driver/Src/stm32f3xx_hal_pcd.o
                0x080016dc                HAL_PCD_EP_Receive
 .text.HAL_PCD_EP_GetRxCount
                0x0800173e       0x30 ./Drivers/STM32F3xx_HAL_Driver/Src/stm32f3xx_hal_pcd.o
                0x0800173e                HAL_PCD_EP_GetRxCount
 .text.HAL_PCD_EP_Transmit
                0x0800176e       0x6e ./Drivers/STM32F3xx_HAL_Driver/Src/stm32f3xx_hal_pcd.o
                0x0800176e                HAL_PCD_EP_Transmit
 .text.HAL_PCD_EP_SetStall
                0x080017dc       0xa4 ./Drivers/STM32F3xx_HAL_Driver/Src/stm32f3xx_hal_pcd.o
                0x080017dc                HAL_PCD_EP_SetStall
 .text.HAL_PCD_EP_ClrStall
                0x08001880       0xa8 ./Drivers/STM32F3xx_HAL_Driver/Src/stm32f3xx_hal_pcd.o
                0x08001880                HAL_PCD_EP_ClrStall
 .text.PCD_EP_ISR_Handler
                0x08001928      0x79e ./Drivers/STM32F3xx_HAL_Driver/Src/stm32f3xx_hal_pcd.o
 .text.HAL_PCD_EP_DB_Receive
                0x080020c6      0x21a ./Drivers/STM32F3xx_HAL_Driver/Src/stm32f3xx_hal_pcd.o
 .text.HAL_PCD_EP_DB_Transmit
                0x080022e0      0x7f4 ./Drivers/STM32F3xx_HAL_Driver/Src/stm32f3xx_hal_pcd.o
 .text.HAL_PCDEx_PMAConfig
                0x08002ad4       0x86 ./Drivers/STM32F3xx_HAL_Driver/Src/stm32f3xx_hal_pcd_ex.o
                0x08002ad4                HAL_PCDEx_PMAConfig
 *fill*         0x08002b5a        0x2 
 .text.HAL_RCC_OscConfig
                0x08002b5c     0x101c ./Drivers/STM32F3xx_HAL_Driver/Src/stm32f3xx_hal_rcc.o
                0x08002b5c                HAL_RCC_OscConfig
 .text.HAL_RCC_ClockConfig
                0x08003b78      0x2dc ./Drivers/STM32F3xx_HAL_Driver/Src/stm32f3xx_hal_rcc.o
                0x08003b78                HAL_RCC_ClockConfig
 .text.HAL_RCC_GetSysClockFreq
                0x08003e54       0xa8 ./Drivers/STM32F3xx_HAL_Driver/Src/stm32f3xx_hal_rcc.o
                0x08003e54                HAL_RCC_GetSysClockFreq
 .text.HAL_RCCEx_PeriphCLKConfig
                0x08003efc      0x35c ./Drivers/STM32F3xx_HAL_Driver/Src/stm32f3xx_hal_rcc_ex.o
                0x08003efc                HAL_RCCEx_PeriphCLKConfig
 .text.HAL_SPI_Init
                0x08004258      0x156 ./Drivers/STM32F3xx_HAL_Driver/Src/stm32f3xx_hal_spi.o
                0x08004258                HAL_SPI_Init
 .text.USB_EnableGlobalInt
                0x080043ae       0x2e ./Drivers/STM32F3xx_HAL_Driver/Src/stm32f3xx_ll_usb.o
                0x080043ae                USB_EnableGlobalInt
 .text.USB_DisableGlobalInt
                0x080043dc       0x36 ./Drivers/STM32F3xx_HAL_Driver/Src/stm32f3xx_ll_usb.o
                0x080043dc                USB_DisableGlobalInt
 .text.USB_DevInit
                0x08004412       0x3c ./Drivers/STM32F3xx_HAL_Driver/Src/stm32f3xx_ll_usb.o
                0x08004412                USB_DevInit
 *fill*         0x0800444e        0x2 
 .text.USB_ActivateEndpoint
                0x08004450      0x788 ./Drivers/STM32F3xx_HAL_Driver/Src/stm32f3xx_ll_usb.o
                0x08004450                USB_ActivateEndpoint
 .text.USB_DeactivateEndpoint
                0x08004bd8      0x3da ./Drivers/STM32F3xx_HAL_Driver/Src/stm32f3xx_ll_usb.o
                0x08004bd8                USB_DeactivateEndpoint
 .text.USB_EPStartXfer
                0x08004fb2     0x1764 ./Drivers/STM32F3xx_HAL_Driver/Src/stm32f3xx_ll_usb.o
                0x08004fb2                USB_EPStartXfer
 .text.USB_EPSetStall
                0x08006716       0xa2 ./Drivers/STM32F3xx_HAL_Driver/Src/stm32f3xx_ll_usb.o
                0x08006716                USB_EPSetStall
 .text.USB_EPClearStall
                0x080067b8      0x15c ./Drivers/STM32F3xx_HAL_Driver/Src/stm32f3xx_ll_usb.o
                0x080067b8                USB_EPClearStall
 .text.USB_SetDevAddress
                0x08006914       0x28 ./Drivers/STM32F3xx_HAL_Driver/Src/stm32f3xx_ll_usb.o
                0x08006914                USB_SetDevAddress
 .text.USB_DevConnect
                0x0800693c       0x16 ./Drivers/STM32F3xx_HAL_Driver/Src/stm32f3xx_ll_usb.o
                0x0800693c                USB_DevConnect
 .text.USB_ReadInterrupts
                0x08006952       0x20 ./Drivers/STM32F3xx_HAL_Driver/Src/stm32f3xx_ll_usb.o
                0x08006952                USB_ReadInterrupts
 .text.USB_WritePMA
                0x08006972       0x8e ./Drivers/STM32F3xx_HAL_Driver/Src/stm32f3xx_ll_usb.o
                0x08006972                USB_WritePMA
 .text.USB_ReadPMA
                0x08006a00       0xa0 ./Drivers/STM32F3xx_HAL_Driver/Src/stm32f3xx_ll_usb.o
                0x08006a00                USB_ReadPMA
 .text.USBD_CDC_Init
                0x08006aa0       0xf4 ./Middlewares/ST/STM32_USB_Device_Library/Class/CDC/Src/usbd_cdc.o
 .text.USBD_CDC_DeInit
                0x08006b94       0x6e ./Middlewares/ST/STM32_USB_Device_Library/Class/CDC/Src/usbd_cdc.o
 .text.USBD_CDC_Setup
                0x08006c02      0x146 ./Middlewares/ST/STM32_USB_Device_Library/Class/CDC/Src/usbd_cdc.o
 .text.USBD_CDC_DataIn
                0x08006d48       0xa6 ./Middlewares/ST/STM32_USB_Device_Library/Class/CDC/Src/usbd_cdc.o
 .text.USBD_CDC_DataOut
                0x08006dee       0x56 ./Middlewares/ST/STM32_USB_Device_Library/Class/CDC/Src/usbd_cdc.o
 .text.USBD_CDC_EP0_RxReady
                0x08006e44       0x4e ./Middlewares/ST/STM32_USB_Device_Library/Class/CDC/Src/usbd_cdc.o
 *fill*         0x08006e92        0x2 
 .text.USBD_CDC_GetFSCfgDesc
                0x08006e94       0x20 ./Middlewares/ST/STM32_USB_Device_Library/Class/CDC/Src/usbd_cdc.o
 .text.USBD_CDC_GetHSCfgDesc
                0x08006eb4       0x20 ./Middlewares/ST/STM32_USB_Device_Library/Class/CDC/Src/usbd_cdc.o
 .text.USBD_CDC_GetOtherSpeedCfgDesc
                0x08006ed4       0x20 ./Middlewares/ST/STM32_USB_Device_Library/Class/CDC/Src/usbd_cdc.o
 .text.USBD_CDC_GetDeviceQualifierDescriptor
                0x08006ef4       0x20 ./Middlewares/ST/STM32_USB_Device_Library/Class/CDC/Src/usbd_cdc.o
                0x08006ef4                USBD_CDC_GetDeviceQualifierDescriptor
 .text.USBD_CDC_RegisterInterface
                0x08006f14       0x2e ./Middlewares/ST/STM32_USB_Device_Library/Class/CDC/Src/usbd_cdc.o
                0x08006f14                USBD_CDC_RegisterInterface
 .text.USBD_CDC_SetTxBuffer
                0x08006f42       0x34 ./Middlewares/ST/STM32_USB_Device_Library/Class/CDC/Src/usbd_cdc.o
                0x08006f42                USBD_CDC_SetTxBuffer
 .text.USBD_CDC_SetRxBuffer
                0x08006f76       0x28 ./Middlewares/ST/STM32_USB_Device_Library/Class/CDC/Src/usbd_cdc.o
                0x08006f76                USBD_CDC_SetRxBuffer
 .text.USBD_CDC_TransmitPacket
                0x08006f9e       0x5e ./Middlewares/ST/STM32_USB_Device_Library/Class/CDC/Src/usbd_cdc.o
                0x08006f9e                USBD_CDC_TransmitPacket
 .text.USBD_CDC_ReceivePacket
                0x08006ffc       0x54 ./Middlewares/ST/STM32_USB_Device_Library/Class/CDC/Src/usbd_cdc.o
                0x08006ffc                USBD_CDC_ReceivePacket
 .text.USBD_Init
                0x08007050       0x56 ./Middlewares/ST/STM32_USB_Device_Library/Core/Src/usbd_core.o
                0x08007050                USBD_Init
 .text.USBD_RegisterClass
                0x080070a6       0x34 ./Middlewares/ST/STM32_USB_Device_Library/Core/Src/usbd_core.o
                0x080070a6                USBD_RegisterClass
 .text.USBD_Start
                0x080070da       0x18 ./Middlewares/ST/STM32_USB_Device_Library/Core/Src/usbd_core.o
                0x080070da                USBD_Start
 .text.USBD_RunTestMode
                0x080070f2       0x16 ./Middlewares/ST/STM32_USB_Device_Library/Core/Src/usbd_core.o
                0x080070f2                USBD_RunTestMode
 .text.USBD_SetClassConfig
                0x08007108       0x3e ./Middlewares/ST/STM32_USB_Device_Library/Core/Src/usbd_core.o
                0x08007108                USBD_SetClassConfig
 .text.USBD_ClrClassConfig
                0x08007146       0x26 ./Middlewares/ST/STM32_USB_Device_Library/Core/Src/usbd_core.o
                0x08007146                USBD_ClrClassConfig
 .text.USBD_LL_SetupStage
                0x0800716c       0x9a ./Middlewares/ST/STM32_USB_Device_Library/Core/Src/usbd_core.o
                0x0800716c                USBD_LL_SetupStage
 .text.USBD_LL_DataOutStage
                0x08007206       0xe2 ./Middlewares/ST/STM32_USB_Device_Library/Core/Src/usbd_core.o
                0x08007206                USBD_LL_DataOutStage
 .text.USBD_LL_DataInStage
                0x080072e8      0x14a ./Middlewares/ST/STM32_USB_Device_Library/Core/Src/usbd_core.o
                0x080072e8                USBD_LL_DataInStage
 .text.USBD_LL_Reset
                0x08007432       0x82 ./Middlewares/ST/STM32_USB_Device_Library/Core/Src/usbd_core.o
                0x08007432                USBD_LL_Reset
 .text.USBD_LL_SetSpeed
                0x080074b4       0x20 ./Middlewares/ST/STM32_USB_Device_Library/Core/Src/usbd_core.o
                0x080074b4                USBD_LL_SetSpeed
 .text.USBD_LL_Suspend
                0x080074d4       0x2a ./Middlewares/ST/STM32_USB_Device_Library/Core/Src/usbd_core.o
                0x080074d4                USBD_LL_Suspend
 .text.USBD_LL_Resume
                0x080074fe       0x2c ./Middlewares/ST/STM32_USB_Device_Library/Core/Src/usbd_core.o
                0x080074fe                USBD_LL_Resume
 .text.USBD_LL_SOF
                0x0800752a       0x34 ./Middlewares/ST/STM32_USB_Device_Library/Core/Src/usbd_core.o
                0x0800752a                USBD_LL_SOF
 *fill*         0x0800755e        0x2 
 .text.USBD_StdDevReq
                0x08007560       0xd4 ./Middlewares/ST/STM32_USB_Device_Library/Core/Src/usbd_ctlreq.o
                0x08007560                USBD_StdDevReq
 .text.USBD_StdItfReq
                0x08007634       0x90 ./Middlewares/ST/STM32_USB_Device_Library/Core/Src/usbd_ctlreq.o
                0x08007634                USBD_StdItfReq
 .text.USBD_StdEPReq
                0x080076c4      0x2c6 ./Middlewares/ST/STM32_USB_Device_Library/Core/Src/usbd_ctlreq.o
                0x080076c4                USBD_StdEPReq
 *fill*         0x0800798a        0x2 
 .text.USBD_GetDescriptor
                0x0800798c      0x2d0 ./Middlewares/ST/STM32_USB_Device_Library/Core/Src/usbd_ctlreq.o
 .text.USBD_SetAddress
                0x08007c5c       0x86 ./Middlewares/ST/STM32_USB_Device_Library/Core/Src/usbd_ctlreq.o
 *fill*         0x08007ce2        0x2 
 .text.USBD_SetConfig
                0x08007ce4      0x11c ./Middlewares/ST/STM32_USB_Device_Library/Core/Src/usbd_ctlreq.o
 .text.USBD_GetConfig
                0x08007e00       0x6a ./Middlewares/ST/STM32_USB_Device_Library/Core/Src/usbd_ctlreq.o
 .text.USBD_GetStatus
                0x08007e6a       0x66 ./Middlewares/ST/STM32_USB_Device_Library/Core/Src/usbd_ctlreq.o
 .text.USBD_SetFeature
                0x08007ed0       0x28 ./Middlewares/ST/STM32_USB_Device_Library/Core/Src/usbd_ctlreq.o
 .text.USBD_ClrFeature
                0x08007ef8       0x42 ./Middlewares/ST/STM32_USB_Device_Library/Core/Src/usbd_ctlreq.o
 .text.USBD_ParseSetupRequest
                0x08007f3a       0x74 ./Middlewares/ST/STM32_USB_Device_Library/Core/Src/usbd_ctlreq.o
                0x08007f3a                USBD_ParseSetupRequest
 .text.USBD_CtlError
                0x08007fae       0x22 ./Middlewares/ST/STM32_USB_Device_Library/Core/Src/usbd_ctlreq.o
                0x08007fae                USBD_CtlError
 .text.USBD_GetString
                0x08007fd0       0x84 ./Middlewares/ST/STM32_USB_Device_Library/Core/Src/usbd_ctlreq.o
                0x08007fd0                USBD_GetString
 .text.USBD_GetLen
                0x08008054       0x30 ./Middlewares/ST/STM32_USB_Device_Library/Core/Src/usbd_ctlreq.o
 .text.USBD_CtlSendData
                0x08008084       0x38 ./Middlewares/ST/STM32_USB_Device_Library/Core/Src/usbd_ioreq.o
                0x08008084                USBD_CtlSendData
 .text.USBD_CtlContinueSendData
                0x080080bc       0x24 ./Middlewares/ST/STM32_USB_Device_Library/Core/Src/usbd_ioreq.o
                0x080080bc                USBD_CtlContinueSendData
 .text.USBD_CtlPrepareRx
                0x080080e0       0x3c ./Middlewares/ST/STM32_USB_Device_Library/Core/Src/usbd_ioreq.o
                0x080080e0                USBD_CtlPrepareRx
 .text.USBD_CtlContinueRx
                0x0800811c       0x24 ./Middlewares/ST/STM32_USB_Device_Library/Core/Src/usbd_ioreq.o
                0x0800811c                USBD_CtlContinueRx
 .text.USBD_CtlSendStatus
                0x08008140       0x26 ./Middlewares/ST/STM32_USB_Device_Library/Core/Src/usbd_ioreq.o
                0x08008140                USBD_CtlSendStatus
 .text.USBD_CtlReceiveStatus
                0x08008166       0x26 ./Middlewares/ST/STM32_USB_Device_Library/Core/Src/usbd_ioreq.o
                0x08008166                USBD_CtlReceiveStatus
 .text.MX_USB_DEVICE_Init
                0x0800818c       0x60 ./USB_DEVICE/App/usb_device.o
                0x0800818c                MX_USB_DEVICE_Init
 .text.CDC_Init_FS
                0x080081ec       0x28 ./USB_DEVICE/App/usbd_cdc_if.o
 .text.CDC_DeInit_FS
                0x08008214       0x10 ./USB_DEVICE/App/usbd_cdc_if.o
 .text.CDC_Control_FS
                0x08008224       0xbc ./USB_DEVICE/App/usbd_cdc_if.o
 .text.CDC_Receive_FS
                0x080082e0       0x80 ./USB_DEVICE/App/usbd_cdc_if.o
 .text.CDC_Transmit_FS
                0x08008360       0x4c ./USB_DEVICE/App/usbd_cdc_if.o
                0x08008360                CDC_Transmit_FS
 .text.USBD_FS_DeviceDescriptor
                0x080083ac       0x24 ./USB_DEVICE/App/usbd_desc.o
                0x080083ac                USBD_FS_DeviceDescriptor
 .text.USBD_FS_LangIDStrDescriptor
                0x080083d0       0x24 ./USB_DEVICE/App/usbd_desc.o
                0x080083d0                USBD_FS_LangIDStrDescriptor
 .text.USBD_FS_ProductStrDescriptor
                0x080083f4       0x3c ./USB_DEVICE/App/usbd_desc.o
                0x080083f4                USBD_FS_ProductStrDescriptor
 .text.USBD_FS_ManufacturerStrDescriptor
                0x08008430       0x28 ./USB_DEVICE/App/usbd_desc.o
                0x08008430                USBD_FS_ManufacturerStrDescriptor
 .text.USBD_FS_SerialStrDescriptor
                0x08008458       0x24 ./USB_DEVICE/App/usbd_desc.o
                0x08008458                USBD_FS_SerialStrDescriptor
 .text.USBD_FS_ConfigStrDescriptor
                0x0800847c       0x3c ./USB_DEVICE/App/usbd_desc.o
                0x0800847c                USBD_FS_ConfigStrDescriptor
 .text.USBD_FS_InterfaceStrDescriptor
                0x080084b8       0x3c ./USB_DEVICE/App/usbd_desc.o
                0x080084b8                USBD_FS_InterfaceStrDescriptor
 .text.Get_SerialNum
                0x080084f4       0x58 ./USB_DEVICE/App/usbd_desc.o
 .text.IntToUnicode
                0x0800854c       0x7e ./USB_DEVICE/App/usbd_desc.o
 *fill*         0x080085ca        0x2 
 .text.HAL_PCD_MspInit
                0x080085cc       0x98 ./USB_DEVICE/Target/usbd_conf.o
                0x080085cc                HAL_PCD_MspInit
 .text.HAL_PCD_SetupStageCallback
                0x08008664       0x24 ./USB_DEVICE/Target/usbd_conf.o
                0x08008664                HAL_PCD_SetupStageCallback
 .text.HAL_PCD_DataOutStageCallback
                0x08008688       0x36 ./USB_DEVICE/Target/usbd_conf.o
                0x08008688                HAL_PCD_DataOutStageCallback
 .text.HAL_PCD_DataInStageCallback
                0x080086be       0x34 ./USB_DEVICE/Target/usbd_conf.o
                0x080086be                HAL_PCD_DataInStageCallback
 .text.HAL_PCD_SOFCallback
                0x080086f2       0x1c ./USB_DEVICE/Target/usbd_conf.o
                0x080086f2                HAL_PCD_SOFCallback
 .text.HAL_PCD_ResetCallback
                0x0800870e       0x3c ./USB_DEVICE/Target/usbd_conf.o
                0x0800870e                HAL_PCD_ResetCallback
 *fill*         0x0800874a        0x2 
 .text.HAL_PCD_SuspendCallback
                0x0800874c       0x34 ./USB_DEVICE/Target/usbd_conf.o
                0x0800874c                HAL_PCD_SuspendCallback
 .text.HAL_PCD_ResumeCallback
                0x08008780       0x1c ./USB_DEVICE/Target/usbd_conf.o
                0x08008780                HAL_PCD_ResumeCallback
 .text.USBD_LL_Init
                0x0800879c       0xb4 ./USB_DEVICE/Target/usbd_conf.o
                0x0800879c                USBD_LL_Init
 .text.USBD_LL_Start
                0x08008850       0x36 ./USB_DEVICE/Target/usbd_conf.o
                0x08008850                USBD_LL_Start
 .text.USBD_LL_OpenEP
                0x08008886       0x4c ./USB_DEVICE/Target/usbd_conf.o
                0x08008886                USBD_LL_OpenEP
 .text.USBD_LL_CloseEP
                0x080088d2       0x3e ./USB_DEVICE/Target/usbd_conf.o
                0x080088d2                USBD_LL_CloseEP
 .text.USBD_LL_StallEP
                0x08008910       0x3e ./USB_DEVICE/Target/usbd_conf.o
                0x08008910                USBD_LL_StallEP
 .text.USBD_LL_ClearStallEP
                0x0800894e       0x3e ./USB_DEVICE/Target/usbd_conf.o
                0x0800894e                USBD_LL_ClearStallEP
 .text.USBD_LL_IsStallEP
                0x0800898c       0x58 ./USB_DEVICE/Target/usbd_conf.o
                0x0800898c                USBD_LL_IsStallEP
 .text.USBD_LL_SetUSBAddress
                0x080089e4       0x3e ./USB_DEVICE/Target/usbd_conf.o
                0x080089e4                USBD_LL_SetUSBAddress
 .text.USBD_LL_Transmit
                0x08008a22       0x46 ./USB_DEVICE/Target/usbd_conf.o
                0x08008a22                USBD_LL_Transmit
 .text.USBD_LL_PrepareReceive
                0x08008a68       0x46 ./USB_DEVICE/Target/usbd_conf.o
                0x08008a68                USBD_LL_PrepareReceive
 .text.USBD_LL_GetRxDataSize
                0x08008aae       0x26 ./USB_DEVICE/Target/usbd_conf.o
                0x08008aae                USBD_LL_GetRxDataSize
 .text.USBD_static_malloc
                0x08008ad4       0x1c ./USB_DEVICE/Target/usbd_conf.o
                0x08008ad4                USBD_static_malloc
 .text.USBD_static_free
                0x08008af0       0x14 ./USB_DEVICE/Target/usbd_conf.o
                0x08008af0                USBD_static_free
 .text.HAL_PCDEx_SetConnectionState
                0x08008b04       0x18 ./USB_DEVICE/Target/usbd_conf.o
                0x08008b04                HAL_PCDEx_SetConnectionState
 .text.USBD_Get_USB_Status
                0x08008b1c       0x58 ./USB_DEVICE/Target/usbd_conf.o
 .text.arm_fft  0x08008b74      0x14c C:/Users/rocco/Desktop/USART_Communication_STM32F3Discovery_ArduinoUNO/master_slave_python/microcontroller_logic_test/lib\libarmfft.a(arm_fft.o)
                0x08008b74                arm_fft
 .text.fft_to_spectrogram
                0x08008cc0       0xc8 C:/Users/rocco/Desktop/USART_Communication_STM32F3Discovery_ArduinoUNO/master_slave_python/microcontroller_logic_test/lib\libarmfft.a(arm_fft.o)
                0x08008cc0                fft_to_spectrogram
 .text.somma_c  0x08008d88       0x10 C:/Users/rocco/Desktop/USART_Communication_STM32F3Discovery_ArduinoUNO/master_slave_python/microcontroller_logic_test/lib\libarmfft.a(fft_math.o)
                0x08008d88                somma_c
 .text.sottrazione_c
                0x08008d98       0x10 C:/Users/rocco/Desktop/USART_Communication_STM32F3Discovery_ArduinoUNO/master_slave_python/microcontroller_logic_test/lib\libarmfft.a(fft_math.o)
                0x08008d98                sottrazione_c
 .text.prodotto_c
                0x08008da8       0x1c C:/Users/rocco/Desktop/USART_Communication_STM32F3Discovery_ArduinoUNO/master_slave_python/microcontroller_logic_test/lib\libarmfft.a(fft_math.o)
                0x08008da8                prodotto_c
 .text.esponenziale_negj
                0x08008dc4       0x50 C:/Users/rocco/Desktop/USART_Communication_STM32F3Discovery_ArduinoUNO/master_slave_python/microcontroller_logic_test/lib\libarmfft.a(fft_math.o)
                0x08008dc4                esponenziale_negj
 .text.memset   0x08008e14       0x10 C:/ST/STM32CubeIDE_1.19.0/STM32CubeIDE/plugins/com.st.stm32cube.ide.mcu.externaltools.gnu-tools-for-stm32.13.3.rel1.win32_1.0.0.202411081344/tools/bin/../lib/gcc/arm-none-eabi/13.3.1/../../../../arm-none-eabi/lib/thumb/v7e-m+fp/hard\libc_nano.a(libc_a-memset.o)
                0x08008e14                memset
 .text.__errno  0x08008e24        0xc C:/ST/STM32CubeIDE_1.19.0/STM32CubeIDE/plugins/com.st.stm32cube.ide.mcu.externaltools.gnu-tools-for-stm32.13.3.rel1.win32_1.0.0.202411081344/tools/bin/../lib/gcc/arm-none-eabi/13.3.1/../../../../arm-none-eabi/lib/thumb/v7e-m+fp/hard\libc_nano.a(libc_a-errno.o)
                0x08008e24                __errno
 .text.__libc_init_array
                0x08008e30       0x48 C:/ST/STM32CubeIDE_1.19.0/STM32CubeIDE/plugins/com.st.stm32cube.ide.mcu.externaltools.gnu-tools-for-stm32.13.3.rel1.win32_1.0.0.202411081344/tools/bin/../lib/gcc/arm-none-eabi/13.3.1/../../../../arm-none-eabi/lib/thumb/v7e-m+fp/hard\libc_nano.a(libc_a-init.o)
                0x08008e30                __libc_init_array
 .text.memcpy   0x08008e78       0x1c C:/ST/STM32CubeIDE_1.19.0/STM32CubeIDE/plugins/com.st.stm32cube.ide.mcu.externaltools.gnu-tools-for-stm32.13.3.rel1.win32_1.0.0.202411081344/tools/bin/../lib/gcc/arm-none-eabi/13.3.1/../../../../arm-none-eabi/lib/thumb/v7e-m+fp/hard\libc_nano.a(libc_a-memcpy-stub.o)
                0x08008e78                memcpy
 .text.log10f   0x08008e94       0x5c C:/ST/STM32CubeIDE_1.19.0/STM32CubeIDE/plugins/com.st.stm32cube.ide.mcu.externaltools.gnu-tools-for-stm32.13.3.rel1.win32_1.0.0.202411081344/tools/bin/../lib/gcc/arm-none-eabi/13.3.1/../../../../arm-none-eabi/lib/thumb/v7e-m+fp/hard\libm.a(libm_a-wf_log10.o)
                0x08008e94                log10f
 .text.sqrtf    0x08008ef0       0x3c C:/ST/STM32CubeIDE_1.19.0/STM32CubeIDE/plugins/com.st.stm32cube.ide.mcu.externaltools.gnu-tools-for-stm32.13.3.rel1.win32_1.0.0.202411081344/tools/bin/../lib/gcc/arm-none-eabi/13.3.1/../../../../arm-none-eabi/lib/thumb/v7e-m+fp/hard\libm.a(libm_a-wf_sqrt.o)
                0x08008ef0                sqrtf
 .text.cosf     0x08008f2c       0x88 C:/ST/STM32CubeIDE_1.19.0/STM32CubeIDE/plugins/com.st.stm32cube.ide.mcu.externaltools.gnu-tools-for-stm32.13.3.rel1.win32_1.0.0.202411081344/tools/bin/../lib/gcc/arm-none-eabi/13.3.1/../../../../arm-none-eabi/lib/thumb/v7e-m+fp/hard\libm.a(libm_a-sf_cos.o)
                0x08008f2c                cosf
 .text.sinf     0x08008fb4       0x8c C:/ST/STM32CubeIDE_1.19.0/STM32CubeIDE/plugins/com.st.stm32cube.ide.mcu.externaltools.gnu-tools-for-stm32.13.3.rel1.win32_1.0.0.202411081344/tools/bin/../lib/gcc/arm-none-eabi/13.3.1/../../../../arm-none-eabi/lib/thumb/v7e-m+fp/hard\libm.a(libm_a-sf_sin.o)
                0x08008fb4                sinf
 .text.nanf     0x08009040        0xc C:/ST/STM32CubeIDE_1.19.0/STM32CubeIDE/plugins/com.st.stm32cube.ide.mcu.externaltools.gnu-tools-for-stm32.13.3.rel1.win32_1.0.0.202411081344/tools/bin/../lib/gcc/arm-none-eabi/13.3.1/../../../../arm-none-eabi/lib/thumb/v7e-m+fp/hard\libm.a(libm_a-sf_nan.o)
                0x08009040                nanf
 .text.__ieee754_sqrtf
                0x0800904c        0x6 C:/ST/STM32CubeIDE_1.19.0/STM32CubeIDE/plugins/com.st.stm32cube.ide.mcu.externaltools.gnu-tools-for-stm32.13.3.rel1.win32_1.0.0.202411081344/tools/bin/../lib/gcc/arm-none-eabi/13.3.1/../../../../arm-none-eabi/lib/thumb/v7e-m+fp/hard\libm.a(libm_a-ef_sqrt.o)
                0x0800904c                __ieee754_sqrtf
 *fill*         0x08009052        0x2 
 .text.__kernel_cosf
                0x08009054       0xb0 C:/ST/STM32CubeIDE_1.19.0/STM32CubeIDE/plugins/com.st.stm32cube.ide.mcu.externaltools.gnu-tools-for-stm32.13.3.rel1.win32_1.0.0.202411081344/tools/bin/../lib/gcc/arm-none-eabi/13.3.1/../../../../arm-none-eabi/lib/thumb/v7e-m+fp/hard\libm.a(libm_a-kf_cos.o)
                0x08009054                __kernel_cosf
 .text.__kernel_sinf
                0x08009104       0x90 C:/ST/STM32CubeIDE_1.19.0/STM32CubeIDE/plugins/com.st.stm32cube.ide.mcu.externaltools.gnu-tools-for-stm32.13.3.rel1.win32_1.0.0.202411081344/tools/bin/../lib/gcc/arm-none-eabi/13.3.1/../../../../arm-none-eabi/lib/thumb/v7e-m+fp/hard\libm.a(libm_a-kf_sin.o)
                0x08009104                __kernel_sinf
 .text.__ieee754_log10f
                0x08009194       0xb0 C:/ST/STM32CubeIDE_1.19.0/STM32CubeIDE/plugins/com.st.stm32cube.ide.mcu.externaltools.gnu-tools-for-stm32.13.3.rel1.win32_1.0.0.202411081344/tools/bin/../lib/gcc/arm-none-eabi/13.3.1/../../../../arm-none-eabi/lib/thumb/v7e-m+fp/hard\libm.a(libm_a-ef_log10.o)
                0x08009194                __ieee754_log10f
 .text.__ieee754_rem_pio2f
                0x08009244      0x260 C:/ST/STM32CubeIDE_1.19.0/STM32CubeIDE/plugins/com.st.stm32cube.ide.mcu.externaltools.gnu-tools-for-stm32.13.3.rel1.win32_1.0.0.202411081344/tools/bin/../lib/gcc/arm-none-eabi/13.3.1/../../../../arm-none-eabi/lib/thumb/v7e-m+fp/hard\libm.a(libm_a-ef_rem_pio2.o)
                0x08009244                __ieee754_rem_pio2f
 .text.fabsf    0x080094a4        0xe C:/ST/STM32CubeIDE_1.19.0/STM32CubeIDE/plugins/com.st.stm32cube.ide.mcu.externaltools.gnu-tools-for-stm32.13.3.rel1.win32_1.0.0.202411081344/tools/bin/../lib/gcc/arm-none-eabi/13.3.1/../../../../arm-none-eabi/lib/thumb/v7e-m+fp/hard\libm.a(libm_a-sf_fabs.o)
                0x080094a4                fabsf
 *fill*         0x080094b2        0x2 
 .text.__kernel_rem_pio2f
                0x080094b4      0x4d0 C:/ST/STM32CubeIDE_1.19.0/STM32CubeIDE/plugins/com.st.stm32cube.ide.mcu.externaltools.gnu-tools-for-stm32.13.3.rel1.win32_1.0.0.202411081344/tools/bin/../lib/gcc/arm-none-eabi/13.3.1/../../../../arm-none-eabi/lib/thumb/v7e-m+fp/hard\libm.a(libm_a-kf_rem_pio2.o)
                0x080094b4                __kernel_rem_pio2f
 .text.__ieee754_logf
                0x08009984      0x1e4 C:/ST/STM32CubeIDE_1.19.0/STM32CubeIDE/plugins/com.st.stm32cube.ide.mcu.externaltools.gnu-tools-for-stm32.13.3.rel1.win32_1.0.0.202411081344/tools/bin/../lib/gcc/arm-none-eabi/13.3.1/../../../../arm-none-eabi/lib/thumb/v7e-m+fp/hard\libm.a(libm_a-ef_log.o)
                0x08009984                __ieee754_logf
 .text.scalbnf  0x08009b68       0xcc C:/ST/STM32CubeIDE_1.19.0/STM32CubeIDE/plugins/com.st.stm32cube.ide.mcu.externaltools.gnu-tools-for-stm32.13.3.rel1.win32_1.0.0.202411081344/tools/bin/../lib/gcc/arm-none-eabi/13.3.1/../../../../arm-none-eabi/lib/thumb/v7e-m+fp/hard\libm.a(libm_a-sf_scalbn.o)
                0x08009b68                scalbnf
 .text.floorf   0x08009c34       0x88 C:/ST/STM32CubeIDE_1.19.0/STM32CubeIDE/plugins/com.st.stm32cube.ide.mcu.externaltools.gnu-tools-for-stm32.13.3.rel1.win32_1.0.0.202411081344/tools/bin/../lib/gcc/arm-none-eabi/13.3.1/../../../../arm-none-eabi/lib/thumb/v7e-m+fp/hard\libm.a(libm_a-sf_floor.o)
                0x08009c34                floorf
 *(.glue_7)
 .glue_7        0x08009cbc        0x0 linker stubs
 *(.glue_7t)
 .glue_7t       0x08009cbc        0x0 linker stubs
 *(.eh_frame)
 .eh_frame      0x08009cbc        0x0 C:/ST/STM32CubeIDE_1.19.0/STM32CubeIDE/plugins/com.st.stm32cube.ide.mcu.externaltools.gnu-tools-for-stm32.13.3.rel1.win32_1.0.0.202411081344/tools/bin/../lib/gcc/arm-none-eabi/13.3.1/thumb/v7e-m+fp/hard/crtbegin.o
 *(.init)
 .init          0x08009cbc        0x4 C:/ST/STM32CubeIDE_1.19.0/STM32CubeIDE/plugins/com.st.stm32cube.ide.mcu.externaltools.gnu-tools-for-stm32.13.3.rel1.win32_1.0.0.202411081344/tools/bin/../lib/gcc/arm-none-eabi/13.3.1/thumb/v7e-m+fp/hard/crti.o
                0x08009cbc                _init
 .init          0x08009cc0        0x8 C:/ST/STM32CubeIDE_1.19.0/STM32CubeIDE/plugins/com.st.stm32cube.ide.mcu.externaltools.gnu-tools-for-stm32.13.3.rel1.win32_1.0.0.202411081344/tools/bin/../lib/gcc/arm-none-eabi/13.3.1/thumb/v7e-m+fp/hard/crtn.o
 *(.fini)
 .fini          0x08009cc8        0x4 C:/ST/STM32CubeIDE_1.19.0/STM32CubeIDE/plugins/com.st.stm32cube.ide.mcu.externaltools.gnu-tools-for-stm32.13.3.rel1.win32_1.0.0.202411081344/tools/bin/../lib/gcc/arm-none-eabi/13.3.1/thumb/v7e-m+fp/hard/crti.o
                0x08009cc8                _fini
 .fini          0x08009ccc        0x8 C:/ST/STM32CubeIDE_1.19.0/STM32CubeIDE/plugins/com.st.stm32cube.ide.mcu.externaltools.gnu-tools-for-stm32.13.3.rel1.win32_1.0.0.202411081344/tools/bin/../lib/gcc/arm-none-eabi/13.3.1/thumb/v7e-m+fp/hard/crtn.o
                0x08009cd4                        . = ALIGN (0x4)
                0x08009cd4                        _etext = .

.vfp11_veneer   0x08009cd4        0x0
 .vfp11_veneer  0x08009cd4        0x0 linker stubs

.v4_bx          0x08009cd4        0x0
 .v4_bx         0x08009cd4        0x0 linker stubs

.iplt           0x08009cd4        0x0
 .iplt          0x08009cd4        0x0 C:/ST/STM32CubeIDE_1.19.0/STM32CubeIDE/plugins/com.st.stm32cube.ide.mcu.externaltools.gnu-tools-for-stm32.13.3.rel1.win32_1.0.0.202411081344/tools/bin/../lib/gcc/arm-none-eabi/13.3.1/thumb/v7e-m+fp/hard/crtbegin.o

.rodata         0x08009cd4      0x44c
                0x08009cd4                        . = ALIGN (0x4)
 *(.rodata)
 .rodata        0x08009cd4       0x46 ./USB_DEVICE/App/usbd_desc.o
 *(.rodata*)
 *fill*         0x08009d1a        0x2 
 .rodata.AHBPrescTable
                0x08009d1c       0x10 ./Core/Src/system_stm32f3xx.o
                0x08009d1c                AHBPrescTable
 .rodata.aPLLMULFactorTable
                0x08009d2c       0x10 ./Drivers/STM32F3xx_HAL_Driver/Src/stm32f3xx_hal_rcc.o
 .rodata.aPredivFactorTable
                0x08009d3c       0x10 ./Drivers/STM32F3xx_HAL_Driver/Src/stm32f3xx_hal_rcc.o
 .rodata.log10f.str1.1
                0x08009d4c        0x1 C:/ST/STM32CubeIDE_1.19.0/STM32CubeIDE/plugins/com.st.stm32cube.ide.mcu.externaltools.gnu-tools-for-stm32.13.3.rel1.win32_1.0.0.202411081344/tools/bin/../lib/gcc/arm-none-eabi/13.3.1/../../../../arm-none-eabi/lib/thumb/v7e-m+fp/hard\libm.a(libm_a-wf_log10.o)
 *fill*         0x08009d4d        0x3 
 .rodata.npio2_hw
                0x08009d50       0x80 C:/ST/STM32CubeIDE_1.19.0/STM32CubeIDE/plugins/com.st.stm32cube.ide.mcu.externaltools.gnu-tools-for-stm32.13.3.rel1.win32_1.0.0.202411081344/tools/bin/../lib/gcc/arm-none-eabi/13.3.1/../../../../arm-none-eabi/lib/thumb/v7e-m+fp/hard\libm.a(libm_a-ef_rem_pio2.o)
 .rodata.two_over_pi
                0x08009dd0      0x318 C:/ST/STM32CubeIDE_1.19.0/STM32CubeIDE/plugins/com.st.stm32cube.ide.mcu.externaltools.gnu-tools-for-stm32.13.3.rel1.win32_1.0.0.202411081344/tools/bin/../lib/gcc/arm-none-eabi/13.3.1/../../../../arm-none-eabi/lib/thumb/v7e-m+fp/hard\libm.a(libm_a-ef_rem_pio2.o)
 .rodata.PIo2   0x0800a0e8       0x2c C:/ST/STM32CubeIDE_1.19.0/STM32CubeIDE/plugins/com.st.stm32cube.ide.mcu.externaltools.gnu-tools-for-stm32.13.3.rel1.win32_1.0.0.202411081344/tools/bin/../lib/gcc/arm-none-eabi/13.3.1/../../../../arm-none-eabi/lib/thumb/v7e-m+fp/hard\libm.a(libm_a-kf_rem_pio2.o)
 .rodata.init_jk
                0x0800a114        0xc C:/ST/STM32CubeIDE_1.19.0/STM32CubeIDE/plugins/com.st.stm32cube.ide.mcu.externaltools.gnu-tools-for-stm32.13.3.rel1.win32_1.0.0.202411081344/tools/bin/../lib/gcc/arm-none-eabi/13.3.1/../../../../arm-none-eabi/lib/thumb/v7e-m+fp/hard\libm.a(libm_a-kf_rem_pio2.o)
                0x0800a120                        . = ALIGN (0x4)

.ARM.extab      0x0800a120        0x0
                0x0800a120                        . = ALIGN (0x4)
 *(.ARM.extab* .gnu.linkonce.armextab.*)
                0x0800a120                        . = ALIGN (0x4)

.ARM            0x0800a120        0x0
                0x0800a120                        . = ALIGN (0x4)
                0x0800a120                        __exidx_start = .
 *(.ARM.exidx*)
                0x0800a120                        __exidx_end = .
                0x0800a120                        . = ALIGN (0x4)

.preinit_array  0x0800a120        0x0
                0x0800a120                        . = ALIGN (0x4)
                0x0800a120                        PROVIDE (__preinit_array_start = .)
 *(.preinit_array*)
                0x0800a120                        PROVIDE (__preinit_array_end = .)
                0x0800a120                        . = ALIGN (0x4)

.init_array     0x0800a120        0x4
                0x0800a120                        . = ALIGN (0x4)
                0x0800a120                        PROVIDE (__init_array_start = .)
 *(SORT_BY_NAME(.init_array.*))
 *(.init_array*)
 .init_array    0x0800a120        0x4 C:/ST/STM32CubeIDE_1.19.0/STM32CubeIDE/plugins/com.st.stm32cube.ide.mcu.externaltools.gnu-tools-for-stm32.13.3.rel1.win32_1.0.0.202411081344/tools/bin/../lib/gcc/arm-none-eabi/13.3.1/thumb/v7e-m+fp/hard/crtbegin.o
                0x0800a124                        PROVIDE (__init_array_end = .)
                0x0800a124                        . = ALIGN (0x4)

.fini_array     0x0800a124        0x4
                0x0800a124                        . = ALIGN (0x4)
                [!provide]                        PROVIDE (__fini_array_start = .)
 *(SORT_BY_NAME(.fini_array.*))
 *(.fini_array*)
 .fini_array    0x0800a124        0x4 C:/ST/STM32CubeIDE_1.19.0/STM32CubeIDE/plugins/com.st.stm32cube.ide.mcu.externaltools.gnu-tools-for-stm32.13.3.rel1.win32_1.0.0.202411081344/tools/bin/../lib/gcc/arm-none-eabi/13.3.1/thumb/v7e-m+fp/hard/crtbegin.o
                [!provide]                        PROVIDE (__fini_array_end = .)
                0x0800a128                        . = ALIGN (0x4)
                0x0800a128                        _sidata = LOADADDR (.data)

.rel.dyn        0x0800a128        0x0
 .rel.iplt      0x0800a128        0x0 C:/ST/STM32CubeIDE_1.19.0/STM32CubeIDE/plugins/com.st.stm32cube.ide.mcu.externaltools.gnu-tools-for-stm32.13.3.rel1.win32_1.0.0.202411081344/tools/bin/../lib/gcc/arm-none-eabi/13.3.1/thumb/v7e-m+fp/hard/crtbegin.o

.data           0x20000000      0x1cc load address 0x0800a128
                0x20000000                        . = ALIGN (0x4)
                0x20000000                        _sdata = .
 *(.data)
 *(.data*)
 .data.SystemCoreClock
                0x20000000        0x4 ./Core/Src/system_stm32f3xx.o
                0x20000000                SystemCoreClock
 .data.uwTickPrio
                0x20000004        0x4 ./Drivers/STM32F3xx_HAL_Driver/Src/stm32f3xx_hal.o
                0x20000004                uwTickPrio
 .data.uwTickFreq
                0x20000008        0x1 ./Drivers/STM32F3xx_HAL_Driver/Src/stm32f3xx_hal.o
                0x20000008                uwTickFreq
 *fill*         0x20000009        0x3 
 .data.USBD_CDC_DeviceQualifierDesc
                0x2000000c        0xa ./Middlewares/ST/STM32_USB_Device_Library/Class/CDC/Src/usbd_cdc.o
 *fill*         0x20000016        0x2 
 .data.USBD_CDC
                0x20000018       0x38 ./Middlewares/ST/STM32_USB_Device_Library/Class/CDC/Src/usbd_cdc.o
                0x20000018                USBD_CDC
 .data.USBD_CDC_CfgHSDesc
                0x20000050       0x43 ./Middlewares/ST/STM32_USB_Device_Library/Class/CDC/Src/usbd_cdc.o
                0x20000050                USBD_CDC_CfgHSDesc
 *fill*         0x20000093        0x1 
 .data.USBD_CDC_CfgFSDesc
                0x20000094       0x43 ./Middlewares/ST/STM32_USB_Device_Library/Class/CDC/Src/usbd_cdc.o
                0x20000094                USBD_CDC_CfgFSDesc
 *fill*         0x200000d7        0x1 
 .data.USBD_CDC_OtherSpeedCfgDesc
                0x200000d8       0x43 ./Middlewares/ST/STM32_USB_Device_Library/Class/CDC/Src/usbd_cdc.o
                0x200000d8                USBD_CDC_OtherSpeedCfgDesc
 *fill*         0x2000011b        0x1 
 .data.USBD_Interface_fops_FS
                0x2000011c       0x10 ./USB_DEVICE/App/usbd_cdc_if.o
                0x2000011c                USBD_Interface_fops_FS
 .data.FS_Desc  0x2000012c       0x1c ./USB_DEVICE/App/usbd_desc.o
                0x2000012c                FS_Desc
 .data.USBD_FS_DeviceDesc
                0x20000148       0x12 ./USB_DEVICE/App/usbd_desc.o
                0x20000148                USBD_FS_DeviceDesc
 *fill*         0x2000015a        0x2 
 .data.USBD_LangIDDesc
                0x2000015c        0x4 ./USB_DEVICE/App/usbd_desc.o
                0x2000015c                USBD_LangIDDesc
 .data.USBD_StringSerial
                0x20000160       0x1a ./USB_DEVICE/App/usbd_desc.o
                0x20000160                USBD_StringSerial
 *fill*         0x2000017a        0x2 
 .data._impure_ptr
                0x2000017c        0x4 C:/ST/STM32CubeIDE_1.19.0/STM32CubeIDE/plugins/com.st.stm32cube.ide.mcu.externaltools.gnu-tools-for-stm32.13.3.rel1.win32_1.0.0.202411081344/tools/bin/../lib/gcc/arm-none-eabi/13.3.1/../../../../arm-none-eabi/lib/thumb/v7e-m+fp/hard\libc_nano.a(libc_a-impure.o)
                0x2000017c                _impure_ptr
 .data._impure_data
                0x20000180       0x4c C:/ST/STM32CubeIDE_1.19.0/STM32CubeIDE/plugins/com.st.stm32cube.ide.mcu.externaltools.gnu-tools-for-stm32.13.3.rel1.win32_1.0.0.202411081344/tools/bin/../lib/gcc/arm-none-eabi/13.3.1/../../../../arm-none-eabi/lib/thumb/v7e-m+fp/hard\libc_nano.a(libc_a-impure.o)
                0x20000180                _impure_data
 *(.RamFunc)
 *(.RamFunc*)
                0x200001cc                        . = ALIGN (0x4)
                0x200001cc                        _edata = .
                0x0800a2f4                        _siccmram = LOADADDR (.ccmram)

.igot.plt       0x200001cc        0x0 load address 0x0800a2f4
 .igot.plt      0x200001cc        0x0 C:/ST/STM32CubeIDE_1.19.0/STM32CubeIDE/plugins/com.st.stm32cube.ide.mcu.externaltools.gnu-tools-for-stm32.13.3.rel1.win32_1.0.0.202411081344/tools/bin/../lib/gcc/arm-none-eabi/13.3.1/thumb/v7e-m+fp/hard/crtbegin.o

.ccmram         0x10000000        0x0 load address 0x0800a2f4
                0x10000000                        . = ALIGN (0x4)
                0x10000000                        _sccmram = .
 *(.ccmram)
 *(.ccmram*)
                0x10000000                        . = ALIGN (0x4)
                0x10000000                        _eccmram = .
                0x10000000                        . = ALIGN (0x4)

.bss            0x200001cc     0x54d0
                0x200001cc                        _sbss = .
                0x200001cc                        __bss_start__ = _sbss
 *(.bss)
 .bss           0x200001cc       0x1c C:/ST/STM32CubeIDE_1.19.0/STM32CubeIDE/plugins/com.st.stm32cube.ide.mcu.externaltools.gnu-tools-for-stm32.13.3.rel1.win32_1.0.0.202411081344/tools/bin/../lib/gcc/arm-none-eabi/13.3.1/thumb/v7e-m+fp/hard/crtbegin.o
 *(.bss*)
 .bss.hi2c1     0x200001e8       0x54 ./Core/Src/main.o
                0x200001e8                hi2c1
 .bss.hspi1     0x2000023c       0x64 ./Core/Src/main.o
                0x2000023c                hspi1
 .bss.uwTick    0x200002a0        0x4 ./Drivers/STM32F3xx_HAL_Driver/Src/stm32f3xx_hal.o
                0x200002a0                uwTick
 .bss.cfgidx.0  0x200002a4        0x1 ./Middlewares/ST/STM32_USB_Device_Library/Core/Src/usbd_ctlreq.o
 *fill*         0x200002a5        0x3 
 .bss.hUsbDeviceFS
                0x200002a8      0x2c4 ./USB_DEVICE/App/usb_device.o
                0x200002a8                hUsbDeviceFS
 .bss.rx_buffer
                0x2000056c      0x100 ./USB_DEVICE/App/usbd_cdc_if.o
                0x2000056c                rx_buffer
 .bss.rx_index  0x2000066c        0x2 ./USB_DEVICE/App/usbd_cdc_if.o
                0x2000066c                rx_index
 .bss.rx_complete
                0x2000066e        0x1 ./USB_DEVICE/App/usbd_cdc_if.o
                0x2000066e                rx_complete
 *fill*         0x2000066f        0x1 
 .bss.UserRxBufferFS
                0x20000670      0x400 ./USB_DEVICE/App/usbd_cdc_if.o
                0x20000670                UserRxBufferFS
 .bss.UserTxBufferFS
                0x20000a70      0x400 ./USB_DEVICE/App/usbd_cdc_if.o
                0x20000a70                UserTxBufferFS
 .bss.USBD_StrDesc
                0x20000e70      0x200 ./USB_DEVICE/App/usbd_desc.o
                0x20000e70                USBD_StrDesc
 .bss.hpcd_USB_FS
                0x20001070      0x2d4 ./USB_DEVICE/Target/usbd_conf.o
                0x20001070                hpcd_USB_FS
 .bss.mem.0     0x20001344      0x220 ./USB_DEVICE/Target/usbd_conf.o
 .bss.buffer_dispari
                0x20001564     0x2000 C:/Users/rocco/Desktop/USART_Communication_STM32F3Discovery_ArduinoUNO/master_slave_python/microcontroller_logic_test/lib\libarmfft.a(arm_fft.o)
 .bss.buffer_pari
                0x20003564     0x2000 C:/Users/rocco/Desktop/USART_Communication_STM32F3Discovery_ArduinoUNO/master_slave_python/microcontroller_logic_test/lib\libarmfft.a(arm_fft.o)
 .bss.__sf      0x20005564      0x138 C:/ST/STM32CubeIDE_1.19.0/STM32CubeIDE/plugins/com.st.stm32cube.ide.mcu.externaltools.gnu-tools-for-stm32.13.3.rel1.win32_1.0.0.202411081344/tools/bin/../lib/gcc/arm-none-eabi/13.3.1/../../../../arm-none-eabi/lib/thumb/v7e-m+fp/hard\libc_nano.a(libc_a-findfp.o)
                0x20005564                __sf
 *(COMMON)
                0x2000569c                        . = ALIGN (0x4)
                0x2000569c                        _ebss = .
                0x2000569c                        __bss_end__ = _ebss

._user_heap_stack
                0x2000569c      0x604
                0x200056a0                        . = ALIGN (0x8)
 *fill*         0x2000569c        0x4 
                [!provide]                        PROVIDE (end = .)
                0x200056a0                        PROVIDE (_end = .)
                0x200058a0                        . = (. + _Min_Heap_Size)
 *fill*         0x200056a0      0x200 
                0x20005ca0                        . = (. + _Min_Stack_Size)
 *fill*         0x200058a0      0x400 
                0x20005ca0                        . = ALIGN (0x8)

/DISCARD/
 libc.a(*)
 libm.a(*)
 libgcc.a(*)

.ARM.attributes
                0x00000000       0x30
 *(.ARM.attributes)
 .ARM.attributes
                0x00000000       0x22 C:/ST/STM32CubeIDE_1.19.0/STM32CubeIDE/plugins/com.st.stm32cube.ide.mcu.externaltools.gnu-tools-for-stm32.13.3.rel1.win32_1.0.0.202411081344/tools/bin/../lib/gcc/arm-none-eabi/13.3.1/thumb/v7e-m+fp/hard/crti.o
 .ARM.attributes
                0x00000022       0x34 C:/ST/STM32CubeIDE_1.19.0/STM32CubeIDE/plugins/com.st.stm32cube.ide.mcu.externaltools.gnu-tools-for-stm32.13.3.rel1.win32_1.0.0.202411081344/tools/bin/../lib/gcc/arm-none-eabi/13.3.1/thumb/v7e-m+fp/hard/crtbegin.o
 .ARM.attributes
                0x00000056       0x34 ./Core/Src/main.o
 .ARM.attributes
                0x0000008a       0x34 ./Core/Src/stm32f3xx_hal_msp.o
 .ARM.attributes
                0x000000be       0x34 ./Core/Src/stm32f3xx_it.o
 .ARM.attributes
                0x000000f2       0x34 ./Core/Src/system_stm32f3xx.o
 .ARM.attributes
                0x00000126       0x21 ./Core/Startup/startup_stm32f303vctx.o
 .ARM.attributes
                0x00000147       0x34 ./Drivers/STM32F3xx_HAL_Driver/Src/stm32f3xx_hal.o
 .ARM.attributes
                0x0000017b       0x34 ./Drivers/STM32F3xx_HAL_Driver/Src/stm32f3xx_hal_cortex.o
 .ARM.attributes
                0x000001af       0x34 ./Drivers/STM32F3xx_HAL_Driver/Src/stm32f3xx_hal_gpio.o
 .ARM.attributes
                0x000001e3       0x34 ./Drivers/STM32F3xx_HAL_Driver/Src/stm32f3xx_hal_i2c.o
 .ARM.attributes
                0x00000217       0x34 ./Drivers/STM32F3xx_HAL_Driver/Src/stm32f3xx_hal_i2c_ex.o
 .ARM.attributes
                0x0000024b       0x34 ./Drivers/STM32F3xx_HAL_Driver/Src/stm32f3xx_hal_pcd.o
 .ARM.attributes
                0x0000027f       0x34 ./Drivers/STM32F3xx_HAL_Driver/Src/stm32f3xx_hal_pcd_ex.o
 .ARM.attributes
                0x000002b3       0x34 ./Drivers/STM32F3xx_HAL_Driver/Src/stm32f3xx_hal_rcc.o
 .ARM.attributes
                0x000002e7       0x34 ./Drivers/STM32F3xx_HAL_Driver/Src/stm32f3xx_hal_rcc_ex.o
 .ARM.attributes
                0x0000031b       0x34 ./Drivers/STM32F3xx_HAL_Driver/Src/stm32f3xx_hal_spi.o
 .ARM.attributes
                0x0000034f       0x34 ./Drivers/STM32F3xx_HAL_Driver/Src/stm32f3xx_ll_usb.o
 .ARM.attributes
                0x00000383       0x34 ./Middlewares/ST/STM32_USB_Device_Library/Class/CDC/Src/usbd_cdc.o
 .ARM.attributes
                0x000003b7       0x34 ./Middlewares/ST/STM32_USB_Device_Library/Core/Src/usbd_core.o
 .ARM.attributes
                0x000003eb       0x34 ./Middlewares/ST/STM32_USB_Device_Library/Core/Src/usbd_ctlreq.o
 .ARM.attributes
                0x0000041f       0x34 ./Middlewares/ST/STM32_USB_Device_Library/Core/Src/usbd_ioreq.o
 .ARM.attributes
                0x00000453       0x34 ./USB_DEVICE/App/usb_device.o
 .ARM.attributes
                0x00000487       0x34 ./USB_DEVICE/App/usbd_cdc_if.o
 .ARM.attributes
                0x000004bb       0x34 ./USB_DEVICE/App/usbd_desc.o
 .ARM.attributes
                0x000004ef       0x34 ./USB_DEVICE/Target/usbd_conf.o
 .ARM.attributes
                0x00000523       0x34 C:/Users/rocco/Desktop/USART_Communication_STM32F3Discovery_ArduinoUNO/master_slave_python/microcontroller_logic_test/lib\libarmfft.a(arm_fft.o)
 .ARM.attributes
                0x00000557       0x34 C:/Users/rocco/Desktop/USART_Communication_STM32F3Discovery_ArduinoUNO/master_slave_python/microcontroller_logic_test/lib\libarmfft.a(fft_math.o)
 .ARM.attributes
                0x0000058b       0x34 C:/ST/STM32CubeIDE_1.19.0/STM32CubeIDE/plugins/com.st.stm32cube.ide.mcu.externaltools.gnu-tools-for-stm32.13.3.rel1.win32_1.0.0.202411081344/tools/bin/../lib/gcc/arm-none-eabi/13.3.1/../../../../arm-none-eabi/lib/thumb/v7e-m+fp/hard\libc_nano.a(libc_a-findfp.o)
 .ARM.attributes
                0x000005bf       0x34 C:/ST/STM32CubeIDE_1.19.0/STM32CubeIDE/plugins/com.st.stm32cube.ide.mcu.externaltools.gnu-tools-for-stm32.13.3.rel1.win32_1.0.0.202411081344/tools/bin/../lib/gcc/arm-none-eabi/13.3.1/../../../../arm-none-eabi/lib/thumb/v7e-m+fp/hard\libc_nano.a(libc_a-memset.o)
 .ARM.attributes
                0x000005f3       0x34 C:/ST/STM32CubeIDE_1.19.0/STM32CubeIDE/plugins/com.st.stm32cube.ide.mcu.externaltools.gnu-tools-for-stm32.13.3.rel1.win32_1.0.0.202411081344/tools/bin/../lib/gcc/arm-none-eabi/13.3.1/../../../../arm-none-eabi/lib/thumb/v7e-m+fp/hard\libc_nano.a(libc_a-impure.o)
 .ARM.attributes
                0x00000627       0x34 C:/ST/STM32CubeIDE_1.19.0/STM32CubeIDE/plugins/com.st.stm32cube.ide.mcu.externaltools.gnu-tools-for-stm32.13.3.rel1.win32_1.0.0.202411081344/tools/bin/../lib/gcc/arm-none-eabi/13.3.1/../../../../arm-none-eabi/lib/thumb/v7e-m+fp/hard\libc_nano.a(libc_a-errno.o)
 .ARM.attributes
                0x0000065b       0x34 C:/ST/STM32CubeIDE_1.19.0/STM32CubeIDE/plugins/com.st.stm32cube.ide.mcu.externaltools.gnu-tools-for-stm32.13.3.rel1.win32_1.0.0.202411081344/tools/bin/../lib/gcc/arm-none-eabi/13.3.1/../../../../arm-none-eabi/lib/thumb/v7e-m+fp/hard\libc_nano.a(libc_a-init.o)
 .ARM.attributes
                0x0000068f       0x34 C:/ST/STM32CubeIDE_1.19.0/STM32CubeIDE/plugins/com.st.stm32cube.ide.mcu.externaltools.gnu-tools-for-stm32.13.3.rel1.win32_1.0.0.202411081344/tools/bin/../lib/gcc/arm-none-eabi/13.3.1/../../../../arm-none-eabi/lib/thumb/v7e-m+fp/hard\libc_nano.a(libc_a-memcpy-stub.o)
 .ARM.attributes
                0x000006c3       0x34 C:/ST/STM32CubeIDE_1.19.0/STM32CubeIDE/plugins/com.st.stm32cube.ide.mcu.externaltools.gnu-tools-for-stm32.13.3.rel1.win32_1.0.0.202411081344/tools/bin/../lib/gcc/arm-none-eabi/13.3.1/../../../../arm-none-eabi/lib/thumb/v7e-m+fp/hard\libm.a(libm_a-wf_log10.o)
 .ARM.attributes
                0x000006f7       0x34 C:/ST/STM32CubeIDE_1.19.0/STM32CubeIDE/plugins/com.st.stm32cube.ide.mcu.externaltools.gnu-tools-for-stm32.13.3.rel1.win32_1.0.0.202411081344/tools/bin/../lib/gcc/arm-none-eabi/13.3.1/../../../../arm-none-eabi/lib/thumb/v7e-m+fp/hard\libm.a(libm_a-wf_sqrt.o)
 .ARM.attributes
                0x0000072b       0x34 C:/ST/STM32CubeIDE_1.19.0/STM32CubeIDE/plugins/com.st.stm32cube.ide.mcu.externaltools.gnu-tools-for-stm32.13.3.rel1.win32_1.0.0.202411081344/tools/bin/../lib/gcc/arm-none-eabi/13.3.1/../../../../arm-none-eabi/lib/thumb/v7e-m+fp/hard\libm.a(libm_a-sf_cos.o)
 .ARM.attributes
                0x0000075f       0x34 C:/ST/STM32CubeIDE_1.19.0/STM32CubeIDE/plugins/com.st.stm32cube.ide.mcu.externaltools.gnu-tools-for-stm32.13.3.rel1.win32_1.0.0.202411081344/tools/bin/../lib/gcc/arm-none-eabi/13.3.1/../../../../arm-none-eabi/lib/thumb/v7e-m+fp/hard\libm.a(libm_a-sf_sin.o)
 .ARM.attributes
                0x00000793       0x34 C:/ST/STM32CubeIDE_1.19.0/STM32CubeIDE/plugins/com.st.stm32cube.ide.mcu.externaltools.gnu-tools-for-stm32.13.3.rel1.win32_1.0.0.202411081344/tools/bin/../lib/gcc/arm-none-eabi/13.3.1/../../../../arm-none-eabi/lib/thumb/v7e-m+fp/hard\libm.a(libm_a-sf_nan.o)
 .ARM.attributes
                0x000007c7       0x34 C:/ST/STM32CubeIDE_1.19.0/STM32CubeIDE/plugins/com.st.stm32cube.ide.mcu.externaltools.gnu-tools-for-stm32.13.3.rel1.win32_1.0.0.202411081344/tools/bin/../lib/gcc/arm-none-eabi/13.3.1/../../../../arm-none-eabi/lib/thumb/v7e-m+fp/hard\libm.a(libm_a-ef_sqrt.o)
 .ARM.attributes
                0x000007fb       0x34 C:/ST/STM32CubeIDE_1.19.0/STM32CubeIDE/plugins/com.st.stm32cube.ide.mcu.externaltools.gnu-tools-for-stm32.13.3.rel1.win32_1.0.0.202411081344/tools/bin/../lib/gcc/arm-none-eabi/13.3.1/../../../../arm-none-eabi/lib/thumb/v7e-m+fp/hard\libm.a(libm_a-kf_cos.o)
 .ARM.attributes
                0x0000082f       0x34 C:/ST/STM32CubeIDE_1.19.0/STM32CubeIDE/plugins/com.st.stm32cube.ide.mcu.externaltools.gnu-tools-for-stm32.13.3.rel1.win32_1.0.0.202411081344/tools/bin/../lib/gcc/arm-none-eabi/13.3.1/../../../../arm-none-eabi/lib/thumb/v7e-m+fp/hard\libm.a(libm_a-kf_sin.o)
 .ARM.attributes
                0x00000863       0x34 C:/ST/STM32CubeIDE_1.19.0/STM32CubeIDE/plugins/com.st.stm32cube.ide.mcu.externaltools.gnu-tools-for-stm32.13.3.rel1.win32_1.0.0.202411081344/tools/bin/../lib/gcc/arm-none-eabi/13.3.1/../../../../arm-none-eabi/lib/thumb/v7e-m+fp/hard\libm.a(libm_a-ef_log10.o)
 .ARM.attributes
                0x00000897       0x34 C:/ST/STM32CubeIDE_1.19.0/STM32CubeIDE/plugins/com.st.stm32cube.ide.mcu.externaltools.gnu-tools-for-stm32.13.3.rel1.win32_1.0.0.202411081344/tools/bin/../lib/gcc/arm-none-eabi/13.3.1/../../../../arm-none-eabi/lib/thumb/v7e-m+fp/hard\libm.a(libm_a-ef_rem_pio2.o)
 .ARM.attributes
                0x000008cb       0x34 C:/ST/STM32CubeIDE_1.19.0/STM32CubeIDE/plugins/com.st.stm32cube.ide.mcu.externaltools.gnu-tools-for-stm32.13.3.rel1.win32_1.0.0.202411081344/tools/bin/../lib/gcc/arm-none-eabi/13.3.1/../../../../arm-none-eabi/lib/thumb/v7e-m+fp/hard\libm.a(libm_a-sf_fabs.o)
 .ARM.attributes
                0x000008ff       0x34 C:/ST/STM32CubeIDE_1.19.0/STM32CubeIDE/plugins/com.st.stm32cube.ide.mcu.externaltools.gnu-tools-for-stm32.13.3.rel1.win32_1.0.0.202411081344/tools/bin/../lib/gcc/arm-none-eabi/13.3.1/../../../../arm-none-eabi/lib/thumb/v7e-m+fp/hard\libm.a(libm_a-kf_rem_pio2.o)
 .ARM.attributes
                0x00000933       0x34 C:/ST/STM32CubeIDE_1.19.0/STM32CubeIDE/plugins/com.st.stm32cube.ide.mcu.externaltools.gnu-tools-for-stm32.13.3.rel1.win32_1.0.0.202411081344/tools/bin/../lib/gcc/arm-none-eabi/13.3.1/../../../../arm-none-eabi/lib/thumb/v7e-m+fp/hard\libm.a(libm_a-ef_log.o)
 .ARM.attributes
                0x00000967       0x34 C:/ST/STM32CubeIDE_1.19.0/STM32CubeIDE/plugins/com.st.stm32cube.ide.mcu.externaltools.gnu-tools-for-stm32.13.3.rel1.win32_1.0.0.202411081344/tools/bin/../lib/gcc/arm-none-eabi/13.3.1/../../../../arm-none-eabi/lib/thumb/v7e-m+fp/hard\libm.a(libm_a-sf_scalbn.o)
 .ARM.attributes
                0x0000099b       0x34 C:/ST/STM32CubeIDE_1.19.0/STM32CubeIDE/plugins/com.st.stm32cube.ide.mcu.externaltools.gnu-tools-for-stm32.13.3.rel1.win32_1.0.0.202411081344/tools/bin/../lib/gcc/arm-none-eabi/13.3.1/../../../../arm-none-eabi/lib/thumb/v7e-m+fp/hard\libm.a(libm_a-sf_floor.o)
 .ARM.attributes
                0x000009cf       0x22 C:/ST/STM32CubeIDE_1.19.0/STM32CubeIDE/plugins/com.st.stm32cube.ide.mcu.externaltools.gnu-tools-for-stm32.13.3.rel1.win32_1.0.0.202411081344/tools/bin/../lib/gcc/arm-none-eabi/13.3.1/thumb/v7e-m+fp/hard/crtn.o
OUTPUT(microcontroller_logic_test.elf elf32-littlearm)
LOAD linker stubs
LOAD C:/ST/STM32CubeIDE_1.19.0/STM32CubeIDE/plugins/com.st.stm32cube.ide.mcu.externaltools.gnu-tools-for-stm32.13.3.rel1.win32_1.0.0.202411081344/tools/bin/../lib/gcc/arm-none-eabi/13.3.1/../../../../arm-none-eabi/lib/thumb/v7e-m+fp/hard\libc.a
LOAD C:/ST/STM32CubeIDE_1.19.0/STM32CubeIDE/plugins/com.st.stm32cube.ide.mcu.externaltools.gnu-tools-for-stm32.13.3.rel1.win32_1.0.0.202411081344/tools/bin/../lib/gcc/arm-none-eabi/13.3.1/../../../../arm-none-eabi/lib/thumb/v7e-m+fp/hard\libm.a
LOAD C:/ST/STM32CubeIDE_1.19.0/STM32CubeIDE/plugins/com.st.stm32cube.ide.mcu.externaltools.gnu-tools-for-stm32.13.3.rel1.win32_1.0.0.202411081344/tools/bin/../lib/gcc/arm-none-eabi/13.3.1/thumb/v7e-m+fp/hard\libgcc.a

.debug_info     0x00000000    0x12571
 .debug_info    0x00000000     0x10a8 ./Core/Src/main.o
 .debug_info    0x000010a8      0xbad ./Core/Src/stm32f3xx_hal_msp.o
 .debug_info    0x00001c55      0x5e8 ./Core/Src/stm32f3xx_it.o
 .debug_info    0x0000223d      0x407 ./Core/Src/system_stm32f3xx.o
 .debug_info    0x00002644       0x30 ./Core/Startup/startup_stm32f303vctx.o
 .debug_info    0x00002674      0x7d4 ./Drivers/STM32F3xx_HAL_Driver/Src/stm32f3xx_hal.o
 .debug_info    0x00002e48      0xce4 ./Drivers/STM32F3xx_HAL_Driver/Src/stm32f3xx_hal_cortex.o
 .debug_info    0x00003b2c      0x5fe ./Drivers/STM32F3xx_HAL_Driver/Src/stm32f3xx_hal_gpio.o
 .debug_info    0x0000412a     0x20c3 ./Drivers/STM32F3xx_HAL_Driver/Src/stm32f3xx_hal_i2c.o
 .debug_info    0x000061ed      0x818 ./Drivers/STM32F3xx_HAL_Driver/Src/stm32f3xx_hal_i2c_ex.o
 .debug_info    0x00006a05     0x166f ./Drivers/STM32F3xx_HAL_Driver/Src/stm32f3xx_hal_pcd.o
 .debug_info    0x00008074      0x6a9 ./Drivers/STM32F3xx_HAL_Driver/Src/stm32f3xx_hal_pcd_ex.o
 .debug_info    0x0000871d     0x148a ./Drivers/STM32F3xx_HAL_Driver/Src/stm32f3xx_hal_rcc.o
 .debug_info    0x00009ba7      0x5b9 ./Drivers/STM32F3xx_HAL_Driver/Src/stm32f3xx_hal_rcc_ex.o
 .debug_info    0x0000a160     0x1622 ./Drivers/STM32F3xx_HAL_Driver/Src/stm32f3xx_hal_spi.o
 .debug_info    0x0000b782     0x163b ./Drivers/STM32F3xx_HAL_Driver/Src/stm32f3xx_ll_usb.o
 .debug_info    0x0000cdbd     0x1028 ./Middlewares/ST/STM32_USB_Device_Library/Class/CDC/Src/usbd_cdc.o
 .debug_info    0x0000dde5      0xa52 ./Middlewares/ST/STM32_USB_Device_Library/Core/Src/usbd_core.o
 .debug_info    0x0000e837      0x91c ./Middlewares/ST/STM32_USB_Device_Library/Core/Src/usbd_ctlreq.o
 .debug_info    0x0000f153      0x6a0 ./Middlewares/ST/STM32_USB_Device_Library/Core/Src/usbd_ioreq.o
 .debug_info    0x0000f7f3      0x63d ./USB_DEVICE/App/usb_device.o
 .debug_info    0x0000fe30      0x86b ./USB_DEVICE/App/usbd_cdc_if.o
 .debug_info    0x0001069b      0x44a ./USB_DEVICE/App/usbd_desc.o
 .debug_info    0x00010ae5     0x1a8c ./USB_DEVICE/Target/usbd_conf.o

.debug_abbrev   0x00000000     0x32bb
 .debug_abbrev  0x00000000      0x2c8 ./Core/Src/main.o
 .debug_abbrev  0x000002c8      0x1ae ./Core/Src/stm32f3xx_hal_msp.o
 .debug_abbrev  0x00000476      0x192 ./Core/Src/stm32f3xx_it.o
 .debug_abbrev  0x00000608      0x11a ./Core/Src/system_stm32f3xx.o
 .debug_abbrev  0x00000722       0x24 ./Core/Startup/startup_stm32f303vctx.o
 .debug_abbrev  0x00000746      0x215 ./Drivers/STM32F3xx_HAL_Driver/Src/stm32f3xx_hal.o
 .debug_abbrev  0x0000095b      0x31e ./Drivers/STM32F3xx_HAL_Driver/Src/stm32f3xx_hal_cortex.o
 .debug_abbrev  0x00000c79      0x1ca ./Drivers/STM32F3xx_HAL_Driver/Src/stm32f3xx_hal_gpio.o
 .debug_abbrev  0x00000e43      0x260 ./Drivers/STM32F3xx_HAL_Driver/Src/stm32f3xx_hal_i2c.o
 .debug_abbrev  0x000010a3      0x1c2 ./Drivers/STM32F3xx_HAL_Driver/Src/stm32f3xx_hal_i2c_ex.o
 .debug_abbrev  0x00001265      0x2d9 ./Drivers/STM32F3xx_HAL_Driver/Src/stm32f3xx_hal_pcd.o
 .debug_abbrev  0x0000153e      0x189 ./Drivers/STM32F3xx_HAL_Driver/Src/stm32f3xx_hal_pcd_ex.o
 .debug_abbrev  0x000016c7      0x300 ./Drivers/STM32F3xx_HAL_Driver/Src/stm32f3xx_hal_rcc.o
 .debug_abbrev  0x000019c7      0x221 ./Drivers/STM32F3xx_HAL_Driver/Src/stm32f3xx_hal_rcc_ex.o
 .debug_abbrev  0x00001be8      0x269 ./Drivers/STM32F3xx_HAL_Driver/Src/stm32f3xx_hal_spi.o
 .debug_abbrev  0x00001e51      0x247 ./Drivers/STM32F3xx_HAL_Driver/Src/stm32f3xx_ll_usb.o
 .debug_abbrev  0x00002098      0x2d3 ./Middlewares/ST/STM32_USB_Device_Library/Class/CDC/Src/usbd_cdc.o
 .debug_abbrev  0x0000236b      0x24a ./Middlewares/ST/STM32_USB_Device_Library/Core/Src/usbd_core.o
 .debug_abbrev  0x000025b5      0x26b ./Middlewares/ST/STM32_USB_Device_Library/Core/Src/usbd_ctlreq.o
 .debug_abbrev  0x00002820      0x192 ./Middlewares/ST/STM32_USB_Device_Library/Core/Src/usbd_ioreq.o
 .debug_abbrev  0x000029b2      0x18d ./USB_DEVICE/App/usb_device.o
 .debug_abbrev  0x00002b3f      0x25f ./USB_DEVICE/App/usbd_cdc_if.o
 .debug_abbrev  0x00002d9e      0x1ff ./USB_DEVICE/App/usbd_desc.o
 .debug_abbrev  0x00002f9d      0x31e ./USB_DEVICE/Target/usbd_conf.o

.debug_aranges  0x00000000      0xf58
 .debug_aranges
                0x00000000       0x48 ./Core/Src/main.o
 .debug_aranges
                0x00000048       0x40 ./Core/Src/stm32f3xx_hal_msp.o
 .debug_aranges
                0x00000088       0x68 ./Core/Src/stm32f3xx_it.o
 .debug_aranges
                0x000000f0       0x28 ./Core/Src/system_stm32f3xx.o
 .debug_aranges
                0x00000118       0x28 ./Core/Startup/startup_stm32f303vctx.o
 .debug_aranges
                0x00000140       0xe0 ./Drivers/STM32F3xx_HAL_Driver/Src/stm32f3xx_hal.o
 .debug_aranges
                0x00000220      0x128 ./Drivers/STM32F3xx_HAL_Driver/Src/stm32f3xx_hal_cortex.o
 .debug_aranges
                0x00000348       0x58 ./Drivers/STM32F3xx_HAL_Driver/Src/stm32f3xx_hal_gpio.o
 .debug_aranges
                0x000003a0      0x2a0 ./Drivers/STM32F3xx_HAL_Driver/Src/stm32f3xx_hal_i2c.o
 .debug_aranges
                0x00000640       0x48 ./Drivers/STM32F3xx_HAL_Driver/Src/stm32f3xx_hal_i2c_ex.o
 .debug_aranges
                0x00000688      0x140 ./Drivers/STM32F3xx_HAL_Driver/Src/stm32f3xx_hal_pcd.o
 .debug_aranges
                0x000007c8       0x38 ./Drivers/STM32F3xx_HAL_Driver/Src/stm32f3xx_hal_pcd_ex.o
 .debug_aranges
                0x00000800       0x88 ./Drivers/STM32F3xx_HAL_Driver/Src/stm32f3xx_hal_rcc.o
 .debug_aranges
                0x00000888       0x38 ./Drivers/STM32F3xx_HAL_Driver/Src/stm32f3xx_hal_rcc_ex.o
 .debug_aranges
                0x000008c0      0x1d8 ./Drivers/STM32F3xx_HAL_Driver/Src/stm32f3xx_hal_spi.o
 .debug_aranges
                0x00000a98       0xc8 ./Drivers/STM32F3xx_HAL_Driver/Src/stm32f3xx_ll_usb.o
 .debug_aranges
                0x00000b60       0x90 ./Middlewares/ST/STM32_USB_Device_Library/Class/CDC/Src/usbd_cdc.o
 .debug_aranges
                0x00000bf0       0xb8 ./Middlewares/ST/STM32_USB_Device_Library/Core/Src/usbd_core.o
 .debug_aranges
                0x00000ca8       0x88 ./Middlewares/ST/STM32_USB_Device_Library/Core/Src/usbd_ctlreq.o
 .debug_aranges
                0x00000d30       0x50 ./Middlewares/ST/STM32_USB_Device_Library/Core/Src/usbd_ioreq.o
 .debug_aranges
                0x00000d80       0x20 ./USB_DEVICE/App/usb_device.o
 .debug_aranges
                0x00000da0       0x40 ./USB_DEVICE/App/usbd_cdc_if.o
 .debug_aranges
                0x00000de0       0x60 ./USB_DEVICE/App/usbd_desc.o
 .debug_aranges
                0x00000e40      0x118 ./USB_DEVICE/Target/usbd_conf.o

.debug_rnglists
                0x00000000      0xb94
 .debug_rnglists
                0x00000000       0x35 ./Core/Src/main.o
 .debug_rnglists
                0x00000035       0x2d ./Core/Src/stm32f3xx_hal_msp.o
 .debug_rnglists
                0x00000062       0x49 ./Core/Src/stm32f3xx_it.o
 .debug_rnglists
                0x000000ab       0x1a ./Core/Src/system_stm32f3xx.o
 .debug_rnglists
                0x000000c5       0x19 ./Core/Startup/startup_stm32f303vctx.o
 .debug_rnglists
                0x000000de       0xa3 ./Drivers/STM32F3xx_HAL_Driver/Src/stm32f3xx_hal.o
 .debug_rnglists
                0x00000181       0xda ./Drivers/STM32F3xx_HAL_Driver/Src/stm32f3xx_hal_cortex.o
 .debug_rnglists
                0x0000025b       0x3f ./Drivers/STM32F3xx_HAL_Driver/Src/stm32f3xx_hal_gpio.o
 .debug_rnglists
                0x0000029a      0x228 ./Drivers/STM32F3xx_HAL_Driver/Src/stm32f3xx_hal_i2c.o
 .debug_rnglists
                0x000004c2       0x35 ./Drivers/STM32F3xx_HAL_Driver/Src/stm32f3xx_hal_i2c_ex.o
 .debug_rnglists
                0x000004f7       0xf4 ./Drivers/STM32F3xx_HAL_Driver/Src/stm32f3xx_hal_pcd.o
 .debug_rnglists
                0x000005eb       0x26 ./Drivers/STM32F3xx_HAL_Driver/Src/stm32f3xx_hal_pcd_ex.o
 .debug_rnglists
                0x00000611       0x66 ./Drivers/STM32F3xx_HAL_Driver/Src/stm32f3xx_hal_rcc.o
 .debug_rnglists
                0x00000677       0x28 ./Drivers/STM32F3xx_HAL_Driver/Src/stm32f3xx_hal_rcc_ex.o
 .debug_rnglists
                0x0000069f      0x178 ./Drivers/STM32F3xx_HAL_Driver/Src/stm32f3xx_hal_spi.o
 .debug_rnglists
                0x00000817       0x99 ./Drivers/STM32F3xx_HAL_Driver/Src/stm32f3xx_ll_usb.o
 .debug_rnglists
                0x000008b0       0x6a ./Middlewares/ST/STM32_USB_Device_Library/Class/CDC/Src/usbd_cdc.o
 .debug_rnglists
                0x0000091a       0x89 ./Middlewares/ST/STM32_USB_Device_Library/Core/Src/usbd_core.o
 .debug_rnglists
                0x000009a3       0x68 ./Middlewares/ST/STM32_USB_Device_Library/Core/Src/usbd_ctlreq.o
 .debug_rnglists
                0x00000a0b       0x37 ./Middlewares/ST/STM32_USB_Device_Library/Core/Src/usbd_ioreq.o
 .debug_rnglists
                0x00000a42       0x13 ./USB_DEVICE/App/usb_device.o
 .debug_rnglists
                0x00000a55       0x2d ./USB_DEVICE/App/usbd_cdc_if.o
 .debug_rnglists
                0x00000a82       0x43 ./USB_DEVICE/App/usbd_desc.o
 .debug_rnglists
                0x00000ac5       0xcf ./USB_DEVICE/Target/usbd_conf.o

.debug_macro    0x00000000    0x1ff73
 .debug_macro   0x00000000      0x3d2 ./Core/Src/main.o
 .debug_macro   0x000003d2      0xad8 ./Core/Src/main.o
 .debug_macro   0x00000eaa      0x15e ./Core/Src/main.o
 .debug_macro   0x00001008       0x2e ./Core/Src/main.o
 .debug_macro   0x00001036       0x28 ./Core/Src/main.o
 .debug_macro   0x0000105e       0x22 ./Core/Src/main.o
 .debug_macro   0x00001080       0x8e ./Core/Src/main.o
 .debug_macro   0x0000110e       0x51 ./Core/Src/main.o
 .debug_macro   0x0000115f      0x103 ./Core/Src/main.o
 .debug_macro   0x00001262       0x6a ./Core/Src/main.o
 .debug_macro   0x000012cc      0x1df ./Core/Src/main.o
 .debug_macro   0x000014ab       0x1c ./Core/Src/main.o
 .debug_macro   0x000014c7       0x22 ./Core/Src/main.o
 .debug_macro   0x000014e9       0xd9 ./Core/Src/main.o
 .debug_macro   0x000015c2     0x102d ./Core/Src/main.o
 .debug_macro   0x000025ef      0x11f ./Core/Src/main.o
 .debug_macro   0x0000270e    0x12a3a ./Core/Src/main.o
 .debug_macro   0x00015148       0x6d ./Core/Src/main.o
 .debug_macro   0x000151b5     0x3574 ./Core/Src/main.o
 .debug_macro   0x00018729      0x190 ./Core/Src/main.o
 .debug_macro   0x000188b9       0x55 ./Core/Src/main.o
 .debug_macro   0x0001890e      0x961 ./Core/Src/main.o
 .debug_macro   0x0001926f      0x5fe ./Core/Src/main.o
 .debug_macro   0x0001986d      0x1b5 ./Core/Src/main.o
 .debug_macro   0x00019a22      0x1fb ./Core/Src/main.o
 .debug_macro   0x00019c1d      0x1dc ./Core/Src/main.o
 .debug_macro   0x00019df9      0x1bc ./Core/Src/main.o
 .debug_macro   0x00019fb5       0x30 ./Core/Src/main.o
 .debug_macro   0x00019fe5       0x3c ./Core/Src/main.o
 .debug_macro   0x0001a021      0x235 ./Core/Src/main.o
 .debug_macro   0x0001a256       0xc5 ./Core/Src/main.o
 .debug_macro   0x0001a31b      0x21d ./Core/Src/main.o
 .debug_macro   0x0001a538      0x22c ./Core/Src/main.o
 .debug_macro   0x0001a764       0x5b ./Core/Src/main.o
 .debug_macro   0x0001a7bf       0xa5 ./Core/Src/main.o
 .debug_macro   0x0001a864       0x73 ./Core/Src/main.o
 .debug_macro   0x0001a8d7      0x242 ./Core/Src/main.o
 .debug_macro   0x0001ab19       0x81 ./Core/Src/main.o
 .debug_macro   0x0001ab9a       0xd3 ./Core/Src/main.o
 .debug_macro   0x0001ac6d      0x2fe ./Core/Src/main.o
 .debug_macro   0x0001af6b      0x275 ./Core/Src/main.o
 .debug_macro   0x0001b1e0      0x160 ./Core/Src/main.o
 .debug_macro   0x0001b340       0x61 ./Core/Src/main.o
 .debug_macro   0x0001b3a1       0x2a ./Core/Src/main.o
 .debug_macro   0x0001b3cb       0x43 ./Core/Src/main.o
 .debug_macro   0x0001b40e       0x34 ./Core/Src/main.o
 .debug_macro   0x0001b442       0x16 ./Core/Src/main.o
 .debug_macro   0x0001b458       0x3c ./Core/Src/main.o
 .debug_macro   0x0001b494      0x370 ./Core/Src/main.o
 .debug_macro   0x0001b804       0x10 ./Core/Src/main.o
 .debug_macro   0x0001b814       0x16 ./Core/Src/main.o
 .debug_macro   0x0001b82a       0x4a ./Core/Src/main.o
 .debug_macro   0x0001b874       0x34 ./Core/Src/main.o
 .debug_macro   0x0001b8a8       0x10 ./Core/Src/main.o
 .debug_macro   0x0001b8b8       0x58 ./Core/Src/main.o
 .debug_macro   0x0001b910       0x8e ./Core/Src/main.o
 .debug_macro   0x0001b99e       0x1c ./Core/Src/main.o
 .debug_macro   0x0001b9ba      0x185 ./Core/Src/main.o
 .debug_macro   0x0001bb3f       0x16 ./Core/Src/main.o
 .debug_macro   0x0001bb55       0x16 ./Core/Src/main.o
 .debug_macro   0x0001bb6b      0x146 ./Core/Src/main.o
 .debug_macro   0x0001bcb1       0x16 ./Core/Src/main.o
 .debug_macro   0x0001bcc7       0x16 ./Core/Src/main.o
 .debug_macro   0x0001bcdd       0x29 ./Core/Src/main.o
 .debug_macro   0x0001bd06       0x16 ./Core/Src/main.o
 .debug_macro   0x0001bd1c       0x20 ./Core/Src/main.o
 .debug_macro   0x0001bd3c       0x59 ./Core/Src/main.o
 .debug_macro   0x0001bd95      0x1c8 ./Core/Src/main.o
 .debug_macro   0x0001bf5d      0x19b ./Core/Src/main.o
 .debug_macro   0x0001c0f8       0x8f ./Core/Src/main.o
 .debug_macro   0x0001c187       0x10 ./Core/Src/main.o
 .debug_macro   0x0001c197      0x1f7 ./Core/Src/stm32f3xx_hal_msp.o
 .debug_macro   0x0001c38e      0x201 ./Core/Src/stm32f3xx_it.o
 .debug_macro   0x0001c58f      0x1e8 ./Core/Src/system_stm32f3xx.o
 .debug_macro   0x0001c777      0x20c ./Drivers/STM32F3xx_HAL_Driver/Src/stm32f3xx_hal.o
 .debug_macro   0x0001c983      0x1e8 ./Drivers/STM32F3xx_HAL_Driver/Src/stm32f3xx_hal_cortex.o
 .debug_macro   0x0001cb6b      0x1ef ./Drivers/STM32F3xx_HAL_Driver/Src/stm32f3xx_hal_gpio.o
 .debug_macro   0x0001cd5a      0x2b4 ./Drivers/STM32F3xx_HAL_Driver/Src/stm32f3xx_hal_i2c.o
 .debug_macro   0x0001d00e      0x1e8 ./Drivers/STM32F3xx_HAL_Driver/Src/stm32f3xx_hal_i2c_ex.o
 .debug_macro   0x0001d1f6      0x1f4 ./Drivers/STM32F3xx_HAL_Driver/Src/stm32f3xx_hal_pcd.o
 .debug_macro   0x0001d3ea      0x1e8 ./Drivers/STM32F3xx_HAL_Driver/Src/stm32f3xx_hal_pcd_ex.o
 .debug_macro   0x0001d5d2      0x20c ./Drivers/STM32F3xx_HAL_Driver/Src/stm32f3xx_hal_rcc.o
 .debug_macro   0x0001d7de      0x1e8 ./Drivers/STM32F3xx_HAL_Driver/Src/stm32f3xx_hal_rcc_ex.o
 .debug_macro   0x0001d9c6      0x1f0 ./Drivers/STM32F3xx_HAL_Driver/Src/stm32f3xx_hal_spi.o
 .debug_macro   0x0001dbb6      0x1e8 ./Drivers/STM32F3xx_HAL_Driver/Src/stm32f3xx_ll_usb.o
 .debug_macro   0x0001dd9e      0x386 ./Middlewares/ST/STM32_USB_Device_Library/Class/CDC/Src/usbd_cdc.o
 .debug_macro   0x0001e124       0x9e ./Middlewares/ST/STM32_USB_Device_Library/Class/CDC/Src/usbd_cdc.o
 .debug_macro   0x0001e1c2      0x112 ./Middlewares/ST/STM32_USB_Device_Library/Class/CDC/Src/usbd_cdc.o
 .debug_macro   0x0001e2d4       0x4f ./Middlewares/ST/STM32_USB_Device_Library/Class/CDC/Src/usbd_cdc.o
 .debug_macro   0x0001e323      0x36d ./Middlewares/ST/STM32_USB_Device_Library/Core/Src/usbd_core.o
 .debug_macro   0x0001e690      0x1ce ./Middlewares/ST/STM32_USB_Device_Library/Core/Src/usbd_core.o
 .debug_macro   0x0001e85e      0x377 ./Middlewares/ST/STM32_USB_Device_Library/Core/Src/usbd_ctlreq.o
 .debug_macro   0x0001ebd5      0x373 ./Middlewares/ST/STM32_USB_Device_Library/Core/Src/usbd_ioreq.o
 .debug_macro   0x0001ef48      0x3a6 ./USB_DEVICE/App/usb_device.o
 .debug_macro   0x0001f2ee      0x166 ./USB_DEVICE/App/usb_device.o
 .debug_macro   0x0001f454       0x22 ./USB_DEVICE/App/usb_device.o
 .debug_macro   0x0001f476       0x16 ./USB_DEVICE/App/usb_device.o
 .debug_macro   0x0001f48c      0x397 ./USB_DEVICE/App/usbd_cdc_if.o
 .debug_macro   0x0001f823      0x3aa ./USB_DEVICE/App/usbd_desc.o
 .debug_macro   0x0001fbcd       0x1c ./USB_DEVICE/App/usbd_desc.o
 .debug_macro   0x0001fbe9      0x38a ./USB_DEVICE/Target/usbd_conf.o

.debug_line     0x00000000    0x15ddd
 .debug_line    0x00000000      0xc4e ./Core/Src/main.o
 .debug_line    0x00000c4e      0x821 ./Core/Src/stm32f3xx_hal_msp.o
 .debug_line    0x0000146f      0x84c ./Core/Src/stm32f3xx_it.o
 .debug_line    0x00001cbb      0x7ff ./Core/Src/system_stm32f3xx.o
 .debug_line    0x000024ba       0x7a ./Core/Startup/startup_stm32f303vctx.o
 .debug_line    0x00002534      0xa3b ./Drivers/STM32F3xx_HAL_Driver/Src/stm32f3xx_hal.o
 .debug_line    0x00002f6f      0xd06 ./Drivers/STM32F3xx_HAL_Driver/Src/stm32f3xx_hal_cortex.o
 .debug_line    0x00003c75      0xb86 ./Drivers/STM32F3xx_HAL_Driver/Src/stm32f3xx_hal_gpio.o
 .debug_line    0x000047fb     0x378c ./Drivers/STM32F3xx_HAL_Driver/Src/stm32f3xx_hal_i2c.o
 .debug_line    0x00007f87      0x8eb ./Drivers/STM32F3xx_HAL_Driver/Src/stm32f3xx_hal_i2c_ex.o
 .debug_line    0x00008872     0x12fb ./Drivers/STM32F3xx_HAL_Driver/Src/stm32f3xx_hal_pcd.o
 .debug_line    0x00009b6d      0x7ff ./Drivers/STM32F3xx_HAL_Driver/Src/stm32f3xx_hal_pcd_ex.o
 .debug_line    0x0000a36c     0x159a ./Drivers/STM32F3xx_HAL_Driver/Src/stm32f3xx_hal_rcc.o
 .debug_line    0x0000b906      0xdd7 ./Drivers/STM32F3xx_HAL_Driver/Src/stm32f3xx_hal_rcc_ex.o
 .debug_line    0x0000c6dd     0x210e ./Drivers/STM32F3xx_HAL_Driver/Src/stm32f3xx_hal_spi.o
 .debug_line    0x0000e7eb     0x111c ./Drivers/STM32F3xx_HAL_Driver/Src/stm32f3xx_ll_usb.o
 .debug_line    0x0000f907      0xd8e ./Middlewares/ST/STM32_USB_Device_Library/Class/CDC/Src/usbd_cdc.o
 .debug_line    0x00010695      0xde3 ./Middlewares/ST/STM32_USB_Device_Library/Core/Src/usbd_core.o
 .debug_line    0x00011478     0x102d ./Middlewares/ST/STM32_USB_Device_Library/Core/Src/usbd_ctlreq.o
 .debug_line    0x000124a5      0xa99 ./Middlewares/ST/STM32_USB_Device_Library/Core/Src/usbd_ioreq.o
 .debug_line    0x00012f3e      0xa69 ./USB_DEVICE/App/usb_device.o
 .debug_line    0x000139a7      0xaca ./USB_DEVICE/App/usbd_cdc_if.o
 .debug_line    0x00014471      0xb12 ./USB_DEVICE/App/usbd_desc.o
 .debug_line    0x00014f83      0xe5a ./USB_DEVICE/Target/usbd_conf.o

.debug_str      0x00000000    0xb11d5
 .debug_str     0x00000000    0xb11d5 ./Core/Src/main.o
                              0xadb02 (size before relaxing)
 .debug_str     0x000b11d5    0xa894a ./Core/Src/stm32f3xx_hal_msp.o
 .debug_str     0x000b11d5    0xa8595 ./Core/Src/stm32f3xx_it.o
 .debug_str     0x000b11d5    0xa7d59 ./Core/Src/system_stm32f3xx.o
 .debug_str     0x000b11d5       0xc0 ./Core/Startup/startup_stm32f303vctx.o
 .debug_str     0x000b11d5    0xa8597 ./Drivers/STM32F3xx_HAL_Driver/Src/stm32f3xx_hal.o
 .debug_str     0x000b11d5    0xa861b ./Drivers/STM32F3xx_HAL_Driver/Src/stm32f3xx_hal_cortex.o
 .debug_str     0x000b11d5    0xa7ec6 ./Drivers/STM32F3xx_HAL_Driver/Src/stm32f3xx_hal_gpio.o
 .debug_str     0x000b11d5    0xa9059 ./Drivers/STM32F3xx_HAL_Driver/Src/stm32f3xx_hal_i2c.o
 .debug_str     0x000b11d5    0xa8250 ./Drivers/STM32F3xx_HAL_Driver/Src/stm32f3xx_hal_i2c_ex.o
 .debug_str     0x000b11d5    0xa858e ./Drivers/STM32F3xx_HAL_Driver/Src/stm32f3xx_hal_pcd.o
 .debug_str     0x000b11d5    0xa8148 ./Drivers/STM32F3xx_HAL_Driver/Src/stm32f3xx_hal_pcd_ex.o
 .debug_str     0x000b11d5    0xa81f9 ./Drivers/STM32F3xx_HAL_Driver/Src/stm32f3xx_hal_rcc.o
 .debug_str     0x000b11d5    0xa7fbd ./Drivers/STM32F3xx_HAL_Driver/Src/stm32f3xx_hal_rcc_ex.o
 .debug_str     0x000b11d5    0xa867f ./Drivers/STM32F3xx_HAL_Driver/Src/stm32f3xx_hal_spi.o
 .debug_str     0x000b11d5    0xa80e3 ./Drivers/STM32F3xx_HAL_Driver/Src/stm32f3xx_ll_usb.o
 .debug_str     0x000b11d5    0xad14e ./Middlewares/ST/STM32_USB_Device_Library/Class/CDC/Src/usbd_cdc.o
 .debug_str     0x000b11d5    0xaca95 ./Middlewares/ST/STM32_USB_Device_Library/Core/Src/usbd_core.o
 .debug_str     0x000b11d5    0xac9af ./Middlewares/ST/STM32_USB_Device_Library/Core/Src/usbd_ctlreq.o
 .debug_str     0x000b11d5    0xac8dc ./Middlewares/ST/STM32_USB_Device_Library/Core/Src/usbd_ioreq.o
 .debug_str     0x000b11d5    0xacc67 ./USB_DEVICE/App/usb_device.o
 .debug_str     0x000b11d5    0xacccc ./USB_DEVICE/App/usbd_cdc_if.o
 .debug_str     0x000b11d5    0xac818 ./USB_DEVICE/App/usbd_desc.o
 .debug_str     0x000b11d5    0xad8d7 ./USB_DEVICE/Target/usbd_conf.o

.comment        0x00000000       0x9c
 .comment       0x00000000       0x9c ./Core/Src/main.o
                                 0x44 (size before relaxing)
 .comment       0x0000009c       0x44 ./Core/Src/stm32f3xx_hal_msp.o
 .comment       0x0000009c       0x44 ./Core/Src/stm32f3xx_it.o
 .comment       0x0000009c       0x44 ./Core/Src/system_stm32f3xx.o
 .comment       0x0000009c       0x44 ./Drivers/STM32F3xx_HAL_Driver/Src/stm32f3xx_hal.o
 .comment       0x0000009c       0x44 ./Drivers/STM32F3xx_HAL_Driver/Src/stm32f3xx_hal_cortex.o
 .comment       0x0000009c       0x44 ./Drivers/STM32F3xx_HAL_Driver/Src/stm32f3xx_hal_gpio.o
 .comment       0x0000009c       0x44 ./Drivers/STM32F3xx_HAL_Driver/Src/stm32f3xx_hal_i2c.o
 .comment       0x0000009c       0x44 ./Drivers/STM32F3xx_HAL_Driver/Src/stm32f3xx_hal_i2c_ex.o
 .comment       0x0000009c       0x44 ./Drivers/STM32F3xx_HAL_Driver/Src/stm32f3xx_hal_pcd.o
 .comment       0x0000009c       0x44 ./Drivers/STM32F3xx_HAL_Driver/Src/stm32f3xx_hal_pcd_ex.o
 .comment       0x0000009c       0x44 ./Drivers/STM32F3xx_HAL_Driver/Src/stm32f3xx_hal_rcc.o
 .comment       0x0000009c       0x44 ./Drivers/STM32F3xx_HAL_Driver/Src/stm32f3xx_hal_rcc_ex.o
 .comment       0x0000009c       0x44 ./Drivers/STM32F3xx_HAL_Driver/Src/stm32f3xx_hal_spi.o
 .comment       0x0000009c       0x44 ./Drivers/STM32F3xx_HAL_Driver/Src/stm32f3xx_ll_usb.o
 .comment       0x0000009c       0x44 ./Middlewares/ST/STM32_USB_Device_Library/Class/CDC/Src/usbd_cdc.o
 .comment       0x0000009c       0x44 ./Middlewares/ST/STM32_USB_Device_Library/Core/Src/usbd_core.o
 .comment       0x0000009c       0x44 ./Middlewares/ST/STM32_USB_Device_Library/Core/Src/usbd_ctlreq.o
 .comment       0x0000009c       0x44 ./Middlewares/ST/STM32_USB_Device_Library/Core/Src/usbd_ioreq.o
 .comment       0x0000009c       0x44 ./USB_DEVICE/App/usb_device.o
 .comment       0x0000009c       0x44 ./USB_DEVICE/App/usbd_cdc_if.o
 .comment       0x0000009c       0x44 ./USB_DEVICE/App/usbd_desc.o
 .comment       0x0000009c       0x44 ./USB_DEVICE/Target/usbd_conf.o
 .comment       0x0000009c       0x5a C:/Users/rocco/Desktop/USART_Communication_STM32F3Discovery_ArduinoUNO/master_slave_python/microcontroller_logic_test/lib\libarmfft.a(arm_fft.o)
 .comment       0x0000009c       0x5a C:/Users/rocco/Desktop/USART_Communication_STM32F3Discovery_ArduinoUNO/master_slave_python/microcontroller_logic_test/lib\libarmfft.a(fft_math.o)

.debug_frame    0x00000000     0x4280
 .debug_frame   0x00000000       0xd0 ./Core/Src/main.o
 .debug_frame   0x000000d0       0xc4 ./Core/Src/stm32f3xx_hal_msp.o
 .debug_frame   0x00000194      0x120 ./Core/Src/stm32f3xx_it.o
 .debug_frame   0x000002b4       0x58 ./Core/Src/system_stm32f3xx.o
 .debug_frame   0x0000030c      0x334 ./Drivers/STM32F3xx_HAL_Driver/Src/stm32f3xx_hal.o
 .debug_frame   0x00000640      0x4e8 ./Drivers/STM32F3xx_HAL_Driver/Src/stm32f3xx_hal_cortex.o
 .debug_frame   0x00000b28      0x14c ./Drivers/STM32F3xx_HAL_Driver/Src/stm32f3xx_hal_gpio.o
 .debug_frame   0x00000c74      0xc38 ./Drivers/STM32F3xx_HAL_Driver/Src/stm32f3xx_hal_i2c.o
 .debug_frame   0x000018ac      0x100 ./Drivers/STM32F3xx_HAL_Driver/Src/stm32f3xx_hal_i2c_ex.o
 .debug_frame   0x000019ac      0x590 ./Drivers/STM32F3xx_HAL_Driver/Src/stm32f3xx_hal_pcd.o